[1.488s] Invoking command in '/home/shruti/intelligent_robotics/build/warehouse_robot': PYTHONPATH=/home/shruti/intelligent_robotics/build/warehouse_robot/prefix_override:/usr/lib/python3/dist-packages/colcon_core/task/python/colcon_distutils_commands:/home/shruti/intelligent_robotics/install/warehouse_robot/lib/python3.12/site-packages:${PYTHONPATH} /usr/bin/python3 -W ignore:setup.py install is deprecated -W ignore:easy_install command is deprecated setup.py develop --editable --build-directory /home/shruti/intelligent_robotics/build/warehouse_robot/build --no-deps symlink_data
[2.003s] running develop
[2.334s] running egg_info
[2.358s] writing warehouse_robot.egg-info/PKG-INFO
[2.359s] writing dependency_links to warehouse_robot.egg-info/dependency_links.txt
[2.359s] writing entry points to warehouse_robot.egg-info/entry_points.txt
[2.360s] writing requirements to warehouse_robot.egg-info/requires.txt
[2.361s] writing top-level names to warehouse_robot.egg-info/top_level.txt
[2.421s] reading manifest file 'warehouse_robot.egg-info/SOURCES.txt'
[2.422s] writing manifest file 'warehouse_robot.egg-info/SOURCES.txt'
[2.461s] running build_ext
[2.461s] Creating /home/shruti/intelligent_robotics/install/warehouse_robot/lib/python3.12/site-packages/warehouse-robot.egg-link (link to .)
[2.463s] Installing mission_manager script to /home/shruti/intelligent_robotics/install/warehouse_robot/lib/warehouse_robot
[2.463s] Installing path_planner script to /home/shruti/intelligent_robotics/install/warehouse_robot/lib/warehouse_robot
[2.464s] Installing robot_controller script to /home/shruti/intelligent_robotics/install/warehouse_robot/lib/warehouse_robot
[2.464s] Installing static_map_publisher script to /home/shruti/intelligent_robotics/install/warehouse_robot/lib/warehouse_robot
[2.464s] 
[2.465s] Installed /home/shruti/intelligent_robotics/build/warehouse_robot
[2.465s] running symlink_data
[2.465s] symbolically linking /home/shruti/intelligent_robotics/build/warehouse_robot/launch/nav2_minimal.launch.py -> /home/shruti/intelligent_robotics/install/warehouse_robot/share/warehouse_robot/launch
[2.540s] Invoked command in '/home/shruti/intelligent_robotics/build/warehouse_robot' returned '0': PYTHONPATH=/home/shruti/intelligent_robotics/build/warehouse_robot/prefix_override:/usr/lib/python3/dist-packages/colcon_core/task/python/colcon_distutils_commands:/home/shruti/intelligent_robotics/install/warehouse_robot/lib/python3.12/site-packages:${PYTHONPATH} /usr/bin/python3 -W ignore:setup.py install is deprecated -W ignore:easy_install command is deprecated setup.py develop --editable --build-directory /home/shruti/intelligent_robotics/build/warehouse_robot/build --no-deps symlink_data
