[4.482s] Invoking command in '/home/shruti/intelligent_robotics/src/warehouse_robot': PYTHONPATH=/home/shruti/intelligent_robotics/build/warehouse_robot/prefix_override:/usr/lib/python3/dist-packages/colcon_core/task/python/colcon_distutils_commands:/home/shruti/intelligent_robotics/install/warehouse_robot/lib/python3.12/site-packages:${PYTHONPATH} /usr/bin/python3 -W ignore:setup.py install is deprecated -W ignore:easy_install command is deprecated setup.py egg_info --egg-base ../../build/warehouse_robot build --build-base /home/shruti/intelligent_robotics/build/warehouse_robot/build install --record /home/shruti/intelligent_robotics/build/warehouse_robot/install.log --single-version-externally-managed install_data
[5.791s] running egg_info
[5.897s] writing ../../build/warehouse_robot/warehouse_robot.egg-info/PKG-INFO
[5.898s] writing dependency_links to ../../build/warehouse_robot/warehouse_robot.egg-info/dependency_links.txt
[5.899s] writing entry points to ../../build/warehouse_robot/warehouse_robot.egg-info/entry_points.txt
[5.899s] writing requirements to ../../build/warehouse_robot/warehouse_robot.egg-info/requires.txt
[5.899s] writing top-level names to ../../build/warehouse_robot/warehouse_robot.egg-info/top_level.txt
[6.134s] reading manifest file '../../build/warehouse_robot/warehouse_robot.egg-info/SOURCES.txt'
[6.136s] writing manifest file '../../build/warehouse_robot/warehouse_robot.egg-info/SOURCES.txt'
[6.137s] running build
[6.137s] running build_py
[6.138s] running install
[6.191s] running install_lib
[6.327s] running install_data
[6.329s] copying urdf/warehouse_amr.urdf -> /home/shruti/intelligent_robotics/install/warehouse_robot/share/warehouse_robot/urdf
[6.331s] running install_egg_info
[6.430s] removing '/home/shruti/intelligent_robotics/install/warehouse_robot/lib/python3.12/site-packages/warehouse_robot-0.0.0-py3.12.egg-info' (and everything under it)
[6.430s] Copying ../../build/warehouse_robot/warehouse_robot.egg-info to /home/shruti/intelligent_robotics/install/warehouse_robot/lib/python3.12/site-packages/warehouse_robot-0.0.0-py3.12.egg-info
[6.430s] running install_scripts
[7.082s] Installing path_planner script to /home/shruti/intelligent_robotics/install/warehouse_robot/lib/warehouse_robot
[7.084s] Installing robot_controller script to /home/shruti/intelligent_robotics/install/warehouse_robot/lib/warehouse_robot
[7.086s] writing list of installed files to '/home/shruti/intelligent_robotics/build/warehouse_robot/install.log'
[7.237s] Invoked command in '/home/shruti/intelligent_robotics/src/warehouse_robot' returned '0': PYTHONPATH=/home/shruti/intelligent_robotics/build/warehouse_robot/prefix_override:/usr/lib/python3/dist-packages/colcon_core/task/python/colcon_distutils_commands:/home/shruti/intelligent_robotics/install/warehouse_robot/lib/python3.12/site-packages:${PYTHONPATH} /usr/bin/python3 -W ignore:setup.py install is deprecated -W ignore:easy_install command is deprecated setup.py egg_info --egg-base ../../build/warehouse_robot build --build-base /home/shruti/intelligent_robotics/build/warehouse_robot/build install --record /home/shruti/intelligent_robotics/build/warehouse_robot/install.log --single-version-externally-managed install_data
