[0.796s] Invoking command in '/home/shruti/warehouse_ws/build/warehouse_world': PYTHONPATH=/home/shruti/warehouse_ws/build/warehouse_world/prefix_override:/usr/lib/python3/dist-packages/colcon_core/task/python/colcon_distutils_commands:/home/shruti/warehouse_ws/install/warehouse_world/lib/python3.12/site-packages:${PYTHONPATH} /usr/bin/python3 -W ignore:setup.py install is deprecated -W ignore:easy_install command is deprecated setup.py develop --editable --build-directory /home/shruti/warehouse_ws/build/warehouse_world/build --no-deps symlink_data
[0.981s] running develop
[1.083s] running egg_info
[1.083s] creating warehouse_world.egg-info
[1.096s] writing warehouse_world.egg-info/PKG-INFO
[1.097s] writing dependency_links to warehouse_world.egg-info/dependency_links.txt
[1.097s] writing requirements to warehouse_world.egg-info/requires.txt
[1.097s] writing top-level names to warehouse_world.egg-info/top_level.txt
[1.097s] writing manifest file 'warehouse_world.egg-info/SOURCES.txt'
[1.118s] reading manifest file 'warehouse_world.egg-info/SOURCES.txt'
[1.118s] writing manifest file 'warehouse_world.egg-info/SOURCES.txt'
[1.129s] running build_ext
[1.131s] Creating /home/shruti/warehouse_ws/install/warehouse_world/lib/python3.12/site-packages/warehouse-world.egg-link (link to .)
[1.131s] 
[1.131s] Installed /home/shruti/warehouse_ws/build/warehouse_world
[1.131s] running symlink_data
[1.131s] creating /home/shruti/warehouse_ws/install/warehouse_world/share/ament_index
[1.131s] creating /home/shruti/warehouse_ws/install/warehouse_world/share/ament_index/resource_index
[1.131s] creating /home/shruti/warehouse_ws/install/warehouse_world/share/ament_index/resource_index/packages
[1.132s] symbolically linking /home/shruti/warehouse_ws/build/warehouse_world/resource/warehouse_world -> /home/shruti/warehouse_ws/install/warehouse_world/share/ament_index/resource_index/packages
[1.132s] symbolically linking /home/shruti/warehouse_ws/build/warehouse_world/package.xml -> /home/shruti/warehouse_ws/install/warehouse_world/share/warehouse_world
[1.132s] creating /home/shruti/warehouse_ws/install/warehouse_world/share/warehouse_world/launch
[1.132s] symbolically linking /home/shruti/warehouse_ws/build/warehouse_world/launch/world.launch.py -> /home/shruti/warehouse_ws/install/warehouse_world/share/warehouse_world/launch
[1.132s] creating /home/shruti/warehouse_ws/install/warehouse_world/share/warehouse_world/worlds
[1.132s] symbolically linking /home/shruti/warehouse_ws/build/warehouse_world/worlds/warehouse.world -> /home/shruti/warehouse_ws/install/warehouse_world/share/warehouse_world/worlds
[1.151s] Invoked command in '/home/shruti/warehouse_ws/build/warehouse_world' returned '0': PYTHONPATH=/home/shruti/warehouse_ws/build/warehouse_world/prefix_override:/usr/lib/python3/dist-packages/colcon_core/task/python/colcon_distutils_commands:/home/shruti/warehouse_ws/install/warehouse_world/lib/python3.12/site-packages:${PYTHONPATH} /usr/bin/python3 -W ignore:setup.py install is deprecated -W ignore:easy_install command is deprecated setup.py develop --editable --build-directory /home/shruti/warehouse_ws/build/warehouse_world/build --no-deps symlink_data
