[1.247s] Invoking command in '/home/shruti/intelligent_robotics/build/warehouse_robot': PYTHONPATH=/home/shruti/intelligent_robotics/build/warehouse_robot/prefix_override:/usr/lib/python3/dist-packages/colcon_core/task/python/colcon_distutils_commands:/home/shruti/intelligent_robotics/install/warehouse_robot/lib/python3.12/site-packages:${PYTHONPATH} /usr/bin/python3 -W ignore:setup.py install is deprecated -W ignore:easy_install command is deprecated setup.py develop --editable --build-directory /home/shruti/intelligent_robotics/build/warehouse_robot/build --no-deps symlink_data
[1.560s] running develop
[1.814s] running egg_info
[1.841s] writing warehouse_robot.egg-info/PKG-INFO
[1.841s] writing dependency_links to warehouse_robot.egg-info/dependency_links.txt
[1.842s] writing entry points to warehouse_robot.egg-info/entry_points.txt
[1.842s] writing requirements to warehouse_robot.egg-info/requires.txt
[1.842s] writing top-level names to warehouse_robot.egg-info/top_level.txt
[1.890s] reading manifest file 'warehouse_robot.egg-info/SOURCES.txt'
[1.891s] writing manifest file 'warehouse_robot.egg-info/SOURCES.txt'
[1.928s] running build_ext
[1.929s] Creating /home/shruti/intelligent_robotics/install/warehouse_robot/lib/python3.12/site-packages/warehouse-robot.egg-link (link to .)
[1.929s] Installing mission_manager script to /home/shruti/intelligent_robotics/install/warehouse_robot/lib/warehouse_robot
[1.929s] Installing path_planner script to /home/shruti/intelligent_robotics/install/warehouse_robot/lib/warehouse_robot
[1.929s] Installing robot_controller script to /home/shruti/intelligent_robotics/install/warehouse_robot/lib/warehouse_robot
[1.930s] Installing static_map_publisher script to /home/shruti/intelligent_robotics/install/warehouse_robot/lib/warehouse_robot
[1.930s] 
[1.930s] Installed /home/shruti/intelligent_robotics/build/warehouse_robot
[1.931s] running symlink_data
[1.968s] Invoked command in '/home/shruti/intelligent_robotics/build/warehouse_robot' returned '0': PYTHONPATH=/home/shruti/intelligent_robotics/build/warehouse_robot/prefix_override:/usr/lib/python3/dist-packages/colcon_core/task/python/colcon_distutils_commands:/home/shruti/intelligent_robotics/install/warehouse_robot/lib/python3.12/site-packages:${PYTHONPATH} /usr/bin/python3 -W ignore:setup.py install is deprecated -W ignore:easy_install command is deprecated setup.py develop --editable --build-directory /home/shruti/intelligent_robotics/build/warehouse_robot/build --no-deps symlink_data
