[1.328s] DEBUG:colcon:Command line arguments: ['/usr/bin/colcon', 'build', '--packages-select', 'warehouse_robot']
[1.328s] DEBUG:colcon:Parsed command line arguments: Namespace(log_base=None, log_level=None, verb_name='build', build_base='build', install_base='install', merge_install=False, symlink_install=False, test_result_base=None, continue_on_error=False, executor='parallel', parallel_workers=20, event_handlers=None, ignore_user_meta=False, metas=['./colcon.meta'], base_paths=['.'], packages_ignore=None, packages_ignore_regex=None, paths=None, packages_up_to=None, packages_up_to_regex=None, packages_above=None, packages_above_and_dependencies=None, packages_above_depth=None, packages_select_by_dep=None, packages_skip_by_dep=None, packages_skip_up_to=None, packages_select_build_failed=False, packages_skip_build_finished=False, packages_select_test_failures=False, packages_skip_test_passed=False, packages_select=['warehouse_robot'], packages_skip=None, packages_select_regex=None, packages_skip_regex=None, packages_start=None, packages_end=None, allow_overriding=[], cmake_args=None, cmake_target=None, cmake_target_skip_unavailable=False, cmake_clean_cache=False, cmake_clean_first=False, cmake_force_configure=False, ament_cmake_args=None, catkin_cmake_args=None, catkin_skip_building_tests=False, verb_parser=<colcon_defaults.argument_parser.defaults.DefaultArgumentsDecorator object at 0x7f9ad5c65580>, verb_extension=<colcon_core.verb.build.BuildVerb object at 0x7f9ad5c65250>, main=<bound method BuildVerb.main of <colcon_core.verb.build.BuildVerb object at 0x7f9ad5c65250>>)
[1.530s] Level 1:colcon.colcon_core.package_discovery:discover_packages(colcon_meta) check parameters
[1.531s] Level 1:colcon.colcon_core.package_discovery:discover_packages(recursive) check parameters
[1.531s] Level 1:colcon.colcon_core.package_discovery:discover_packages(ignore) check parameters
[1.531s] Level 1:colcon.colcon_core.package_discovery:discover_packages(path) check parameters
[1.531s] Level 1:colcon.colcon_core.package_discovery:discover_packages(colcon_meta) discover
[1.531s] Level 1:colcon.colcon_core.package_discovery:discover_packages(recursive) discover
[1.531s] INFO:colcon.colcon_core.package_discovery:Crawling recursively for packages in '/home/shruti/intelligent_robotics'
[1.531s] Level 1:colcon.colcon_core.package_identification:_identify(.) by extensions ['ignore', 'ignore_ament_install']
[1.531s] Level 1:colcon.colcon_core.package_identification:_identify(.) by extension 'ignore'
[1.532s] Level 1:colcon.colcon_core.package_identification:_identify(.) by extension 'ignore_ament_install'
[1.532s] Level 1:colcon.colcon_core.package_identification:_identify(.) by extensions ['colcon_pkg']
[1.532s] Level 1:colcon.colcon_core.package_identification:_identify(.) by extension 'colcon_pkg'
[1.532s] Level 1:colcon.colcon_core.package_identification:_identify(.) by extensions ['colcon_meta']
[1.532s] Level 1:colcon.colcon_core.package_identification:_identify(.) by extension 'colcon_meta'
[1.532s] Level 1:colcon.colcon_core.package_identification:_identify(.) by extensions ['ros']
[1.532s] Level 1:colcon.colcon_core.package_identification:_identify(.) by extension 'ros'
[1.689s] Level 1:colcon.colcon_core.package_identification:_identify(.) by extensions ['cmake', 'python']
[1.690s] Level 1:colcon.colcon_core.package_identification:_identify(.) by extension 'cmake'
[1.690s] Level 1:colcon.colcon_core.package_identification:_identify(.) by extension 'python'
[1.690s] Level 1:colcon.colcon_core.package_identification:_identify(.) by extensions ['python_setup_py']
[1.690s] Level 1:colcon.colcon_core.package_identification:_identify(.) by extension 'python_setup_py'
[1.690s] Level 1:colcon.colcon_core.package_identification:_identify(build) by extensions ['ignore', 'ignore_ament_install']
[1.690s] Level 1:colcon.colcon_core.package_identification:_identify(build) by extension 'ignore'
[1.690s] Level 1:colcon.colcon_core.package_identification:_identify(build) ignored
[1.691s] Level 1:colcon.colcon_core.package_identification:_identify(install) by extensions ['ignore', 'ignore_ament_install']
[1.691s] Level 1:colcon.colcon_core.package_identification:_identify(install) by extension 'ignore'
[1.691s] Level 1:colcon.colcon_core.package_identification:_identify(install) ignored
[1.691s] Level 1:colcon.colcon_core.package_identification:_identify(log) by extensions ['ignore', 'ignore_ament_install']
[1.691s] Level 1:colcon.colcon_core.package_identification:_identify(log) by extension 'ignore'
[1.691s] Level 1:colcon.colcon_core.package_identification:_identify(log) ignored
[1.691s] Level 1:colcon.colcon_core.package_identification:_identify(src) by extensions ['ignore', 'ignore_ament_install']
[1.691s] Level 1:colcon.colcon_core.package_identification:_identify(src) by extension 'ignore'
[1.691s] Level 1:colcon.colcon_core.package_identification:_identify(src) by extension 'ignore_ament_install'
[1.692s] Level 1:colcon.colcon_core.package_identification:_identify(src) by extensions ['colcon_pkg']
[1.692s] Level 1:colcon.colcon_core.package_identification:_identify(src) by extension 'colcon_pkg'
[1.692s] Level 1:colcon.colcon_core.package_identification:_identify(src) by extensions ['colcon_meta']
[1.692s] Level 1:colcon.colcon_core.package_identification:_identify(src) by extension 'colcon_meta'
[1.693s] Level 1:colcon.colcon_core.package_identification:_identify(src) by extensions ['ros']
[1.693s] Level 1:colcon.colcon_core.package_identification:_identify(src) by extension 'ros'
[1.695s] Level 1:colcon.colcon_core.package_identification:_identify(src) by extensions ['cmake', 'python']
[1.695s] Level 1:colcon.colcon_core.package_identification:_identify(src) by extension 'cmake'
[1.696s] Level 1:colcon.colcon_core.package_identification:_identify(src) by extension 'python'
[1.697s] Level 1:colcon.colcon_core.package_identification:_identify(src) by extensions ['python_setup_py']
[1.698s] Level 1:colcon.colcon_core.package_identification:_identify(src) by extension 'python_setup_py'
[1.699s] Level 1:colcon.colcon_core.package_identification:_identify(src/warehouse_robot) by extensions ['ignore', 'ignore_ament_install']
[1.701s] Level 1:colcon.colcon_core.package_identification:_identify(src/warehouse_robot) by extension 'ignore'
[1.701s] Level 1:colcon.colcon_core.package_identification:_identify(src/warehouse_robot) by extension 'ignore_ament_install'
[1.701s] Level 1:colcon.colcon_core.package_identification:_identify(src/warehouse_robot) by extensions ['colcon_pkg']
[1.701s] Level 1:colcon.colcon_core.package_identification:_identify(src/warehouse_robot) by extension 'colcon_pkg'
[1.701s] Level 1:colcon.colcon_core.package_identification:_identify(src/warehouse_robot) by extensions ['colcon_meta']
[1.702s] Level 1:colcon.colcon_core.package_identification:_identify(src/warehouse_robot) by extension 'colcon_meta'
[1.702s] Level 1:colcon.colcon_core.package_identification:_identify(src/warehouse_robot) by extensions ['ros']
[1.702s] Level 1:colcon.colcon_core.package_identification:_identify(src/warehouse_robot) by extension 'ros'
[1.717s] DEBUG:colcon.colcon_core.package_identification:Package 'src/warehouse_robot' with type 'ros.ament_python' and name 'warehouse_robot'
[1.718s] Level 1:colcon.colcon_core.package_identification:_identify(src/warehouse_world) by extensions ['ignore', 'ignore_ament_install']
[1.719s] Level 1:colcon.colcon_core.package_identification:_identify(src/warehouse_world) by extension 'ignore'
[1.719s] Level 1:colcon.colcon_core.package_identification:_identify(src/warehouse_world) by extension 'ignore_ament_install'
[1.719s] Level 1:colcon.colcon_core.package_identification:_identify(src/warehouse_world) by extensions ['colcon_pkg']
[1.719s] Level 1:colcon.colcon_core.package_identification:_identify(src/warehouse_world) by extension 'colcon_pkg'
[1.719s] Level 1:colcon.colcon_core.package_identification:_identify(src/warehouse_world) by extensions ['colcon_meta']
[1.719s] Level 1:colcon.colcon_core.package_identification:_identify(src/warehouse_world) by extension 'colcon_meta'
[1.719s] Level 1:colcon.colcon_core.package_identification:_identify(src/warehouse_world) by extensions ['ros']
[1.719s] Level 1:colcon.colcon_core.package_identification:_identify(src/warehouse_world) by extension 'ros'
[1.720s] DEBUG:colcon.colcon_core.package_identification:Package 'src/warehouse_world' with type 'ros.ament_python' and name 'warehouse_world'
[1.720s] Level 1:colcon.colcon_core.package_discovery:discover_packages(recursive) using defaults
[1.721s] Level 1:colcon.colcon_core.package_discovery:discover_packages(ignore) discover
[1.721s] Level 1:colcon.colcon_core.package_discovery:discover_packages(ignore) using defaults
[1.721s] Level 1:colcon.colcon_core.package_discovery:discover_packages(path) discover
[1.722s] Level 1:colcon.colcon_core.package_discovery:discover_packages(path) using defaults
[1.834s] INFO:colcon.colcon_core.package_selection:Skipping not selected package 'warehouse_world' in 'src/warehouse_world'
[1.835s] Level 1:colcon.colcon_core.package_discovery:discover_packages(prefix_path) check parameters
[1.835s] Level 1:colcon.colcon_core.package_discovery:discover_packages(prefix_path) discover
[1.840s] DEBUG:colcon.colcon_installed_package_information.package_discovery:Found 496 installed packages in /opt/ros/jazzy
[1.845s] Level 1:colcon.colcon_core.package_discovery:discover_packages(prefix_path) using defaults
[2.079s] Level 5:colcon.colcon_core.verb:set package 'warehouse_robot' build argument 'cmake_args' from command line to 'None'
[2.079s] Level 5:colcon.colcon_core.verb:set package 'warehouse_robot' build argument 'cmake_target' from command line to 'None'
[2.079s] Level 5:colcon.colcon_core.verb:set package 'warehouse_robot' build argument 'cmake_target_skip_unavailable' from command line to 'False'
[2.079s] Level 5:colcon.colcon_core.verb:set package 'warehouse_robot' build argument 'cmake_clean_cache' from command line to 'False'
[2.079s] Level 5:colcon.colcon_core.verb:set package 'warehouse_robot' build argument 'cmake_clean_first' from command line to 'False'
[2.079s] Level 5:colcon.colcon_core.verb:set package 'warehouse_robot' build argument 'cmake_force_configure' from command line to 'False'
[2.079s] Level 5:colcon.colcon_core.verb:set package 'warehouse_robot' build argument 'ament_cmake_args' from command line to 'None'
[2.079s] Level 5:colcon.colcon_core.verb:set package 'warehouse_robot' build argument 'catkin_cmake_args' from command line to 'None'
[2.079s] Level 5:colcon.colcon_core.verb:set package 'warehouse_robot' build argument 'catkin_skip_building_tests' from command line to 'False'
[2.080s] DEBUG:colcon.colcon_core.verb:Building package 'warehouse_robot' with the following arguments: {'ament_cmake_args': None, 'build_base': '/home/shruti/intelligent_robotics/build/warehouse_robot', 'catkin_cmake_args': None, 'catkin_skip_building_tests': False, 'cmake_args': None, 'cmake_clean_cache': False, 'cmake_clean_first': False, 'cmake_force_configure': False, 'cmake_target': None, 'cmake_target_skip_unavailable': False, 'install_base': '/home/shruti/intelligent_robotics/install/warehouse_robot', 'merge_install': False, 'path': '/home/shruti/intelligent_robotics/src/warehouse_robot', 'symlink_install': False, 'test_result_base': None}
[2.080s] INFO:colcon.colcon_core.executor:Executing jobs using 'parallel' executor
[2.083s] DEBUG:colcon.colcon_parallel_executor.executor.parallel:run_until_complete
[2.084s] INFO:colcon.colcon_ros.task.ament_python.build:Building ROS package in '/home/shruti/intelligent_robotics/src/warehouse_robot' with build type 'ament_python'
[2.084s] Level 1:colcon.colcon_core.shell:create_environment_hook('warehouse_robot', 'ament_prefix_path')
[2.095s] INFO:colcon.colcon_core.plugin_system:Skipping extension 'colcon_core.shell.bat': Not used on non-Windows systems
[2.096s] INFO:colcon.colcon_core.shell:Creating environment hook '/home/shruti/intelligent_robotics/install/warehouse_robot/share/warehouse_robot/hook/ament_prefix_path.ps1'
[2.097s] INFO:colcon.colcon_core.shell:Creating environment descriptor '/home/shruti/intelligent_robotics/install/warehouse_robot/share/warehouse_robot/hook/ament_prefix_path.dsv'
[2.098s] INFO:colcon.colcon_core.shell:Creating environment hook '/home/shruti/intelligent_robotics/install/warehouse_robot/share/warehouse_robot/hook/ament_prefix_path.sh'
[2.099s] INFO:colcon.colcon_core.shell:Skip shell extension 'powershell' for command environment: Not usable outside of PowerShell
[2.099s] DEBUG:colcon.colcon_core.shell:Skip shell extension 'dsv' for command environment
[3.041s] INFO:colcon.colcon_core.task.python.build:Building Python package in '/home/shruti/intelligent_robotics/src/warehouse_robot'
[3.043s] INFO:colcon.colcon_core.shell:Skip shell extension 'powershell' for command environment: Not usable outside of PowerShell
[3.043s] DEBUG:colcon.colcon_core.shell:Skip shell extension 'dsv' for command environment
[5.340s] DEBUG:colcon.colcon_core.event_handler.log_command:Invoking command in '/home/shruti/intelligent_robotics/src/warehouse_robot': PYTHONPATH=/home/shruti/intelligent_robotics/build/warehouse_robot/prefix_override:/usr/lib/python3/dist-packages/colcon_core/task/python/colcon_distutils_commands:/home/shruti/intelligent_robotics/install/warehouse_robot/lib/python3.12/site-packages:${PYTHONPATH} /usr/bin/python3 -W ignore:setup.py install is deprecated -W ignore:easy_install command is deprecated setup.py egg_info --egg-base ../../build/warehouse_robot build --build-base /home/shruti/intelligent_robotics/build/warehouse_robot/build install --record /home/shruti/intelligent_robotics/build/warehouse_robot/install.log --single-version-externally-managed install_data
[8.606s] DEBUG:colcon.colcon_core.event_handler.log_command:Invoked command in '/home/shruti/intelligent_robotics/src/warehouse_robot' returned '0': PYTHONPATH=/home/shruti/intelligent_robotics/build/warehouse_robot/prefix_override:/usr/lib/python3/dist-packages/colcon_core/task/python/colcon_distutils_commands:/home/shruti/intelligent_robotics/install/warehouse_robot/lib/python3.12/site-packages:${PYTHONPATH} /usr/bin/python3 -W ignore:setup.py install is deprecated -W ignore:easy_install command is deprecated setup.py egg_info --egg-base ../../build/warehouse_robot build --build-base /home/shruti/intelligent_robotics/build/warehouse_robot/build install --record /home/shruti/intelligent_robotics/build/warehouse_robot/install.log --single-version-externally-managed install_data
[8.614s] Level 1:colcon.colcon_core.environment:checking '/home/shruti/intelligent_robotics/install/warehouse_robot' for CMake module files
[8.615s] Level 1:colcon.colcon_core.environment:checking '/home/shruti/intelligent_robotics/install/warehouse_robot' for CMake config files
[8.616s] Level 1:colcon.colcon_core.environment:checking '/home/shruti/intelligent_robotics/install/warehouse_robot/lib'
[8.616s] Level 1:colcon.colcon_core.environment:checking '/home/shruti/intelligent_robotics/install/warehouse_robot/bin'
[8.616s] Level 1:colcon.colcon_core.environment:checking '/home/shruti/intelligent_robotics/install/warehouse_robot/lib/pkgconfig/warehouse_robot.pc'
[8.617s] Level 1:colcon.colcon_core.environment:checking '/home/shruti/intelligent_robotics/install/warehouse_robot/lib/python3.12/site-packages'
[8.617s] Level 1:colcon.colcon_core.shell:create_environment_hook('warehouse_robot', 'pythonpath')
[8.617s] INFO:colcon.colcon_core.shell:Creating environment hook '/home/shruti/intelligent_robotics/install/warehouse_robot/share/warehouse_robot/hook/pythonpath.ps1'
[8.618s] INFO:colcon.colcon_core.shell:Creating environment descriptor '/home/shruti/intelligent_robotics/install/warehouse_robot/share/warehouse_robot/hook/pythonpath.dsv'
[8.618s] INFO:colcon.colcon_core.shell:Creating environment hook '/home/shruti/intelligent_robotics/install/warehouse_robot/share/warehouse_robot/hook/pythonpath.sh'
[8.622s] Level 1:colcon.colcon_core.environment:checking '/home/shruti/intelligent_robotics/install/warehouse_robot/bin'
[8.623s] Level 1:colcon.colcon_core.environment:create_environment_scripts_only(warehouse_robot)
[8.625s] INFO:colcon.colcon_core.shell:Creating package script '/home/shruti/intelligent_robotics/install/warehouse_robot/share/warehouse_robot/package.ps1'
[8.632s] INFO:colcon.colcon_core.shell:Creating package descriptor '/home/shruti/intelligent_robotics/install/warehouse_robot/share/warehouse_robot/package.dsv'
[8.633s] INFO:colcon.colcon_core.shell:Creating package script '/home/shruti/intelligent_robotics/install/warehouse_robot/share/warehouse_robot/package.sh'
[8.634s] INFO:colcon.colcon_core.shell:Creating package script '/home/shruti/intelligent_robotics/install/warehouse_robot/share/warehouse_robot/package.bash'
[8.635s] INFO:colcon.colcon_core.shell:Creating package script '/home/shruti/intelligent_robotics/install/warehouse_robot/share/warehouse_robot/package.zsh'
[8.638s] Level 1:colcon.colcon_core.environment:create_file_with_runtime_dependencies(/home/shruti/intelligent_robotics/install/warehouse_robot/share/colcon-core/packages/warehouse_robot)
[8.639s] DEBUG:colcon.colcon_parallel_executor.executor.parallel:closing loop
[8.640s] DEBUG:colcon.colcon_parallel_executor.executor.parallel:loop closed
[8.641s] DEBUG:colcon.colcon_parallel_executor.executor.parallel:run_until_complete finished with '0'
[8.641s] DEBUG:colcon.colcon_core.event_reactor:joining thread
[9.021s] INFO:colcon.colcon_core.plugin_system:Skipping extension 'colcon_notification.desktop_notification.notify_send': Could not find 'notify-send'
[9.021s] INFO:colcon.colcon_core.plugin_system:Skipping extension 'colcon_notification.desktop_notification.terminal_notifier': Not used on non-Darwin systems
[9.021s] INFO:colcon.colcon_core.plugin_system:Skipping extension 'colcon_notification.desktop_notification.win32': Not used on non-Windows systems
[9.021s] INFO:colcon.colcon_notification.desktop_notification:Sending desktop notification using 'notify2'
[9.026s] DEBUG:colcon.colcon_notification.desktop_notification.notify2:Failed to initialize notify2: org.freedesktop.DBus.Error.ServiceUnknown: The name org.freedesktop.Notifications was not provided by any .service files
[9.026s] DEBUG:colcon.colcon_core.event_reactor:joined thread
[9.028s] INFO:colcon.colcon_core.shell:Creating prefix script '/home/shruti/intelligent_robotics/install/local_setup.ps1'
[9.034s] INFO:colcon.colcon_core.shell:Creating prefix util module '/home/shruti/intelligent_robotics/install/_local_setup_util_ps1.py'
[9.043s] INFO:colcon.colcon_core.shell:Creating prefix chain script '/home/shruti/intelligent_robotics/install/setup.ps1'
[9.044s] INFO:colcon.colcon_core.shell:Creating prefix script '/home/shruti/intelligent_robotics/install/local_setup.sh'
[9.045s] INFO:colcon.colcon_core.shell:Creating prefix util module '/home/shruti/intelligent_robotics/install/_local_setup_util_sh.py'
[9.047s] INFO:colcon.colcon_core.shell:Creating prefix chain script '/home/shruti/intelligent_robotics/install/setup.sh'
[9.049s] INFO:colcon.colcon_core.shell:Creating prefix script '/home/shruti/intelligent_robotics/install/local_setup.bash'
[9.049s] INFO:colcon.colcon_core.shell:Creating prefix chain script '/home/shruti/intelligent_robotics/install/setup.bash'
[9.051s] INFO:colcon.colcon_core.shell:Creating prefix script '/home/shruti/intelligent_robotics/install/local_setup.zsh'
[9.051s] INFO:colcon.colcon_core.shell:Creating prefix chain script '/home/shruti/intelligent_robotics/install/setup.zsh'
