[0.468s] Invoking command in '/home/shruti/intelligent_robotics/src/warehouse_robot': PYTHONPATH=/home/shruti/intelligent_robotics/build/warehouse_robot/prefix_override:/usr/lib/python3/dist-packages/colcon_core/task/python/colcon_distutils_commands:/home/shruti/intelligent_robotics/install/warehouse_robot/lib/python3.12/site-packages:${PYTHONPATH} /usr/bin/python3 -W ignore:setup.py install is deprecated -W ignore:easy_install command is deprecated setup.py egg_info --egg-base ../../build/warehouse_robot build --build-base /home/shruti/intelligent_robotics/build/warehouse_robot/build install --record /home/shruti/intelligent_robotics/build/warehouse_robot/install.log --single-version-externally-managed install_data
[0.629s] running egg_info
[0.641s] writing ../../build/warehouse_robot/warehouse_robot.egg-info/PKG-INFO
[0.641s] writing dependency_links to ../../build/warehouse_robot/warehouse_robot.egg-info/dependency_links.txt
[0.641s] writing entry points to ../../build/warehouse_robot/warehouse_robot.egg-info/entry_points.txt
[0.641s] writing requirements to ../../build/warehouse_robot/warehouse_robot.egg-info/requires.txt
[0.641s] writing top-level names to ../../build/warehouse_robot/warehouse_robot.egg-info/top_level.txt
[0.664s] reading manifest file '../../build/warehouse_robot/warehouse_robot.egg-info/SOURCES.txt'
[0.664s] writing manifest file '../../build/warehouse_robot/warehouse_robot.egg-info/SOURCES.txt'
[0.665s] running build
[0.665s] running build_py
[0.665s] copying warehouse_robot/robot_controller.py -> /home/shruti/intelligent_robotics/build/warehouse_robot/build/lib/warehouse_robot
[0.665s] copying warehouse_robot/path_planner.py -> /home/shruti/intelligent_robotics/build/warehouse_robot/build/lib/warehouse_robot
[0.665s] running install
[0.669s] running install_lib
[0.681s] copying /home/shruti/intelligent_robotics/build/warehouse_robot/build/lib/warehouse_robot/robot_controller.py -> /home/shruti/intelligent_robotics/install/warehouse_robot/lib/python3.12/site-packages/warehouse_robot
[0.681s] copying /home/shruti/intelligent_robotics/build/warehouse_robot/build/lib/warehouse_robot/path_planner.py -> /home/shruti/intelligent_robotics/install/warehouse_robot/lib/python3.12/site-packages/warehouse_robot
[0.681s] byte-compiling /home/shruti/intelligent_robotics/install/warehouse_robot/lib/python3.12/site-packages/warehouse_robot/robot_controller.py to robot_controller.cpython-312.pyc
[0.682s] byte-compiling /home/shruti/intelligent_robotics/install/warehouse_robot/lib/python3.12/site-packages/warehouse_robot/path_planner.py to path_planner.cpython-312.pyc
[0.683s] running install_data
[0.683s] copying launch/spawn_robot.launch.py -> /home/shruti/intelligent_robotics/install/warehouse_robot/share/warehouse_robot/launch
[0.683s] running install_egg_info
[0.698s] removing '/home/shruti/intelligent_robotics/install/warehouse_robot/lib/python3.12/site-packages/warehouse_robot-0.0.0-py3.12.egg-info' (and everything under it)
[0.698s] Copying ../../build/warehouse_robot/warehouse_robot.egg-info to /home/shruti/intelligent_robotics/install/warehouse_robot/lib/python3.12/site-packages/warehouse_robot-0.0.0-py3.12.egg-info
[0.698s] running install_scripts
[0.776s] Installing path_planner script to /home/shruti/intelligent_robotics/install/warehouse_robot/lib/warehouse_robot
[0.776s] Installing robot_controller script to /home/shruti/intelligent_robotics/install/warehouse_robot/lib/warehouse_robot
[0.776s] writing list of installed files to '/home/shruti/intelligent_robotics/build/warehouse_robot/install.log'
[0.796s] Invoked command in '/home/shruti/intelligent_robotics/src/warehouse_robot' returned '0': PYTHONPATH=/home/shruti/intelligent_robotics/build/warehouse_robot/prefix_override:/usr/lib/python3/dist-packages/colcon_core/task/python/colcon_distutils_commands:/home/shruti/intelligent_robotics/install/warehouse_robot/lib/python3.12/site-packages:${PYTHONPATH} /usr/bin/python3 -W ignore:setup.py install is deprecated -W ignore:easy_install command is deprecated setup.py egg_info --egg-base ../../build/warehouse_robot build --build-base /home/shruti/intelligent_robotics/build/warehouse_robot/build install --record /home/shruti/intelligent_robotics/build/warehouse_robot/install.log --single-version-externally-managed install_data
