[4.205s] DEBUG:colcon:Command line arguments: ['/usr/bin/colcon', 'build', '--packages-select', 'warehouse_robot']
[4.205s] DEBUG:colcon:Parsed command line arguments: Namespace(log_base=None, log_level=None, verb_name='build', build_base='build', install_base='install', merge_install=False, symlink_install=False, test_result_base=None, continue_on_error=False, executor='parallel', parallel_workers=20, event_handlers=None, ignore_user_meta=False, metas=['./colcon.meta'], base_paths=['.'], packages_ignore=None, packages_ignore_regex=None, paths=None, packages_up_to=None, packages_up_to_regex=None, packages_above=None, packages_above_and_dependencies=None, packages_above_depth=None, packages_select_by_dep=None, packages_skip_by_dep=None, packages_skip_up_to=None, packages_select_build_failed=False, packages_skip_build_finished=False, packages_select_test_failures=False, packages_skip_test_passed=False, packages_select=['warehouse_robot'], packages_skip=None, packages_select_regex=None, packages_skip_regex=None, packages_start=None, packages_end=None, allow_overriding=[], cmake_args=None, cmake_target=None, cmake_target_skip_unavailable=False, cmake_clean_cache=False, cmake_clean_first=False, cmake_force_configure=False, ament_cmake_args=None, catkin_cmake_args=None, catkin_skip_building_tests=False, verb_parser=<colcon_defaults.argument_parser.defaults.DefaultArgumentsDecorator object at 0x7f99f54b1af0>, verb_extension=<colcon_core.verb.build.BuildVerb object at 0x7f99f54b1640>, main=<bound method BuildVerb.main of <colcon_core.verb.build.BuildVerb object at 0x7f99f54b1640>>)
[4.368s] Level 1:colcon.colcon_core.package_discovery:discover_packages(colcon_meta) check parameters
[4.368s] Level 1:colcon.colcon_core.package_discovery:discover_packages(recursive) check parameters
[4.368s] Level 1:colcon.colcon_core.package_discovery:discover_packages(ignore) check parameters
[4.368s] Level 1:colcon.colcon_core.package_discovery:discover_packages(path) check parameters
[4.368s] Level 1:colcon.colcon_core.package_discovery:discover_packages(colcon_meta) discover
[4.368s] Level 1:colcon.colcon_core.package_discovery:discover_packages(recursive) discover
[4.368s] INFO:colcon.colcon_core.package_discovery:Crawling recursively for packages in '/home/shruti/intelligent_robotics'
[4.368s] Level 1:colcon.colcon_core.package_identification:_identify(.) by extensions ['ignore', 'ignore_ament_install']
[4.368s] Level 1:colcon.colcon_core.package_identification:_identify(.) by extension 'ignore'
[4.368s] Level 1:colcon.colcon_core.package_identification:_identify(.) by extension 'ignore_ament_install'
[4.368s] Level 1:colcon.colcon_core.package_identification:_identify(.) by extensions ['colcon_pkg']
[4.368s] Level 1:colcon.colcon_core.package_identification:_identify(.) by extension 'colcon_pkg'
[4.368s] Level 1:colcon.colcon_core.package_identification:_identify(.) by extensions ['colcon_meta']
[4.368s] Level 1:colcon.colcon_core.package_identification:_identify(.) by extension 'colcon_meta'
[4.369s] Level 1:colcon.colcon_core.package_identification:_identify(.) by extensions ['ros']
[4.369s] Level 1:colcon.colcon_core.package_identification:_identify(.) by extension 'ros'
[4.534s] Level 1:colcon.colcon_core.package_identification:_identify(.) by extensions ['cmake', 'python']
[4.535s] Level 1:colcon.colcon_core.package_identification:_identify(.) by extension 'cmake'
[4.537s] Level 1:colcon.colcon_core.package_identification:_identify(.) by extension 'python'
[4.538s] Level 1:colcon.colcon_core.package_identification:_identify(.) by extensions ['python_setup_py']
[4.539s] Level 1:colcon.colcon_core.package_identification:_identify(.) by extension 'python_setup_py'
[4.540s] Level 1:colcon.colcon_core.package_identification:_identify(build) by extensions ['ignore', 'ignore_ament_install']
[4.541s] Level 1:colcon.colcon_core.package_identification:_identify(build) by extension 'ignore'
[4.542s] Level 1:colcon.colcon_core.package_identification:_identify(build) ignored
[4.543s] Level 1:colcon.colcon_core.package_identification:_identify(install) by extensions ['ignore', 'ignore_ament_install']
[4.544s] Level 1:colcon.colcon_core.package_identification:_identify(install) by extension 'ignore'
[4.545s] Level 1:colcon.colcon_core.package_identification:_identify(install) ignored
[4.547s] Level 1:colcon.colcon_core.package_identification:_identify(log) by extensions ['ignore', 'ignore_ament_install']
[4.547s] Level 1:colcon.colcon_core.package_identification:_identify(log) by extension 'ignore'
[4.548s] Level 1:colcon.colcon_core.package_identification:_identify(log) ignored
[4.550s] Level 1:colcon.colcon_core.package_identification:_identify(src) by extensions ['ignore', 'ignore_ament_install']
[4.551s] Level 1:colcon.colcon_core.package_identification:_identify(src) by extension 'ignore'
[4.552s] Level 1:colcon.colcon_core.package_identification:_identify(src) by extension 'ignore_ament_install'
[4.553s] Level 1:colcon.colcon_core.package_identification:_identify(src) by extensions ['colcon_pkg']
[4.553s] Level 1:colcon.colcon_core.package_identification:_identify(src) by extension 'colcon_pkg'
[4.553s] Level 1:colcon.colcon_core.package_identification:_identify(src) by extensions ['colcon_meta']
[4.554s] Level 1:colcon.colcon_core.package_identification:_identify(src) by extension 'colcon_meta'
[4.555s] Level 1:colcon.colcon_core.package_identification:_identify(src) by extensions ['ros']
[4.555s] Level 1:colcon.colcon_core.package_identification:_identify(src) by extension 'ros'
[4.556s] Level 1:colcon.colcon_core.package_identification:_identify(src) by extensions ['cmake', 'python']
[4.556s] Level 1:colcon.colcon_core.package_identification:_identify(src) by extension 'cmake'
[4.557s] Level 1:colcon.colcon_core.package_identification:_identify(src) by extension 'python'
[4.557s] Level 1:colcon.colcon_core.package_identification:_identify(src) by extensions ['python_setup_py']
[4.557s] Level 1:colcon.colcon_core.package_identification:_identify(src) by extension 'python_setup_py'
[4.559s] Level 1:colcon.colcon_core.package_identification:_identify(src/warehouse_robot) by extensions ['ignore', 'ignore_ament_install']
[4.560s] Level 1:colcon.colcon_core.package_identification:_identify(src/warehouse_robot) by extension 'ignore'
[4.560s] Level 1:colcon.colcon_core.package_identification:_identify(src/warehouse_robot) by extension 'ignore_ament_install'
[4.561s] Level 1:colcon.colcon_core.package_identification:_identify(src/warehouse_robot) by extensions ['colcon_pkg']
[4.562s] Level 1:colcon.colcon_core.package_identification:_identify(src/warehouse_robot) by extension 'colcon_pkg'
[4.563s] Level 1:colcon.colcon_core.package_identification:_identify(src/warehouse_robot) by extensions ['colcon_meta']
[4.563s] Level 1:colcon.colcon_core.package_identification:_identify(src/warehouse_robot) by extension 'colcon_meta'
[4.563s] Level 1:colcon.colcon_core.package_identification:_identify(src/warehouse_robot) by extensions ['ros']
[4.564s] Level 1:colcon.colcon_core.package_identification:_identify(src/warehouse_robot) by extension 'ros'
[4.572s] DEBUG:colcon.colcon_core.package_identification:Package 'src/warehouse_robot' with type 'ros.ament_python' and name 'warehouse_robot'
[4.572s] Level 1:colcon.colcon_core.package_identification:_identify(src/warehouse_world) by extensions ['ignore', 'ignore_ament_install']
[4.572s] Level 1:colcon.colcon_core.package_identification:_identify(src/warehouse_world) by extension 'ignore'
[4.572s] Level 1:colcon.colcon_core.package_identification:_identify(src/warehouse_world) by extension 'ignore_ament_install'
[4.572s] Level 1:colcon.colcon_core.package_identification:_identify(src/warehouse_world) by extensions ['colcon_pkg']
[4.572s] Level 1:colcon.colcon_core.package_identification:_identify(src/warehouse_world) by extension 'colcon_pkg'
[4.572s] Level 1:colcon.colcon_core.package_identification:_identify(src/warehouse_world) by extensions ['colcon_meta']
[4.572s] Level 1:colcon.colcon_core.package_identification:_identify(src/warehouse_world) by extension 'colcon_meta'
[4.573s] Level 1:colcon.colcon_core.package_identification:_identify(src/warehouse_world) by extensions ['ros']
[4.573s] Level 1:colcon.colcon_core.package_identification:_identify(src/warehouse_world) by extension 'ros'
[4.573s] DEBUG:colcon.colcon_core.package_identification:Package 'src/warehouse_world' with type 'ros.ament_python' and name 'warehouse_world'
[4.573s] Level 1:colcon.colcon_core.package_discovery:discover_packages(recursive) using defaults
[4.573s] Level 1:colcon.colcon_core.package_discovery:discover_packages(ignore) discover
[4.573s] Level 1:colcon.colcon_core.package_discovery:discover_packages(ignore) using defaults
[4.573s] Level 1:colcon.colcon_core.package_discovery:discover_packages(path) discover
[4.573s] Level 1:colcon.colcon_core.package_discovery:discover_packages(path) using defaults
[4.634s] INFO:colcon.colcon_core.package_selection:Skipping not selected package 'warehouse_world' in 'src/warehouse_world'
[4.635s] Level 1:colcon.colcon_core.package_discovery:discover_packages(prefix_path) check parameters
[4.635s] Level 1:colcon.colcon_core.package_discovery:discover_packages(prefix_path) discover
[4.636s] WARNING:colcon.colcon_ros.prefix_path.ament:The path '/home/shruti/intelligent_robotics/install/warehouse_robot' in the environment variable AMENT_PREFIX_PATH doesn't exist
[4.637s] DEBUG:colcon.colcon_installed_package_information.package_discovery:Found 1 installed packages in /home/shruti/intelligent_robotics/install
[4.640s] DEBUG:colcon.colcon_installed_package_information.package_discovery:Found 496 installed packages in /opt/ros/jazzy
[4.642s] Level 1:colcon.colcon_core.package_discovery:discover_packages(prefix_path) using defaults
[4.980s] Level 5:colcon.colcon_core.verb:set package 'warehouse_robot' build argument 'cmake_args' from command line to 'None'
[4.981s] Level 5:colcon.colcon_core.verb:set package 'warehouse_robot' build argument 'cmake_target' from command line to 'None'
[4.982s] Level 5:colcon.colcon_core.verb:set package 'warehouse_robot' build argument 'cmake_target_skip_unavailable' from command line to 'False'
[4.982s] Level 5:colcon.colcon_core.verb:set package 'warehouse_robot' build argument 'cmake_clean_cache' from command line to 'False'
[4.983s] Level 5:colcon.colcon_core.verb:set package 'warehouse_robot' build argument 'cmake_clean_first' from command line to 'False'
[4.983s] Level 5:colcon.colcon_core.verb:set package 'warehouse_robot' build argument 'cmake_force_configure' from command line to 'False'
[4.983s] Level 5:colcon.colcon_core.verb:set package 'warehouse_robot' build argument 'ament_cmake_args' from command line to 'None'
[4.983s] Level 5:colcon.colcon_core.verb:set package 'warehouse_robot' build argument 'catkin_cmake_args' from command line to 'None'
[4.983s] Level 5:colcon.colcon_core.verb:set package 'warehouse_robot' build argument 'catkin_skip_building_tests' from command line to 'False'
[4.984s] DEBUG:colcon.colcon_core.verb:Building package 'warehouse_robot' with the following arguments: {'ament_cmake_args': None, 'build_base': '/home/shruti/intelligent_robotics/build/warehouse_robot', 'catkin_cmake_args': None, 'catkin_skip_building_tests': False, 'cmake_args': None, 'cmake_clean_cache': False, 'cmake_clean_first': False, 'cmake_force_configure': False, 'cmake_target': None, 'cmake_target_skip_unavailable': False, 'install_base': '/home/shruti/intelligent_robotics/install/warehouse_robot', 'merge_install': False, 'path': '/home/shruti/intelligent_robotics/src/warehouse_robot', 'symlink_install': False, 'test_result_base': None}
[4.984s] INFO:colcon.colcon_core.executor:Executing jobs using 'parallel' executor
[4.987s] DEBUG:colcon.colcon_parallel_executor.executor.parallel:run_until_complete
[4.987s] INFO:colcon.colcon_ros.task.ament_python.build:Building ROS package in '/home/shruti/intelligent_robotics/src/warehouse_robot' with build type 'ament_python'
[4.988s] Level 1:colcon.colcon_core.shell:create_environment_hook('warehouse_robot', 'ament_prefix_path')
[5.000s] INFO:colcon.colcon_core.plugin_system:Skipping extension 'colcon_core.shell.bat': Not used on non-Windows systems
[5.001s] INFO:colcon.colcon_core.shell:Creating environment hook '/home/shruti/intelligent_robotics/install/warehouse_robot/share/warehouse_robot/hook/ament_prefix_path.ps1'
[5.009s] INFO:colcon.colcon_core.shell:Creating environment descriptor '/home/shruti/intelligent_robotics/install/warehouse_robot/share/warehouse_robot/hook/ament_prefix_path.dsv'
[5.011s] INFO:colcon.colcon_core.shell:Creating environment hook '/home/shruti/intelligent_robotics/install/warehouse_robot/share/warehouse_robot/hook/ament_prefix_path.sh'
[5.015s] INFO:colcon.colcon_core.shell:Skip shell extension 'powershell' for command environment: Not usable outside of PowerShell
[5.016s] DEBUG:colcon.colcon_core.shell:Skip shell extension 'dsv' for command environment
[5.920s] INFO:colcon.colcon_core.task.python.build:Building Python package in '/home/shruti/intelligent_robotics/src/warehouse_robot'
[5.920s] INFO:colcon.colcon_core.shell:Skip shell extension 'powershell' for command environment: Not usable outside of PowerShell
[5.921s] DEBUG:colcon.colcon_core.shell:Skip shell extension 'dsv' for command environment
[7.966s] DEBUG:colcon.colcon_core.event_handler.log_command:Invoking command in '/home/shruti/intelligent_robotics/src/warehouse_robot': PYTHONPATH=/home/shruti/intelligent_robotics/build/warehouse_robot/prefix_override:/usr/lib/python3/dist-packages/colcon_core/task/python/colcon_distutils_commands:/home/shruti/intelligent_robotics/install/warehouse_robot/lib/python3.12/site-packages:${PYTHONPATH} /usr/bin/python3 -W ignore:setup.py install is deprecated -W ignore:easy_install command is deprecated setup.py egg_info --egg-base ../../build/warehouse_robot build --build-base /home/shruti/intelligent_robotics/build/warehouse_robot/build install --record /home/shruti/intelligent_robotics/build/warehouse_robot/install.log --single-version-externally-managed install_data
[10.288s] DEBUG:colcon.colcon_core.event_handler.log_command:Invoked command in '/home/shruti/intelligent_robotics/src/warehouse_robot' returned '0': PYTHONPATH=/home/shruti/intelligent_robotics/build/warehouse_robot/prefix_override:/usr/lib/python3/dist-packages/colcon_core/task/python/colcon_distutils_commands:/home/shruti/intelligent_robotics/install/warehouse_robot/lib/python3.12/site-packages:${PYTHONPATH} /usr/bin/python3 -W ignore:setup.py install is deprecated -W ignore:easy_install command is deprecated setup.py egg_info --egg-base ../../build/warehouse_robot build --build-base /home/shruti/intelligent_robotics/build/warehouse_robot/build install --record /home/shruti/intelligent_robotics/build/warehouse_robot/install.log --single-version-externally-managed install_data
[10.297s] Level 1:colcon.colcon_core.environment:checking '/home/shruti/intelligent_robotics/install/warehouse_robot' for CMake module files
[10.297s] Level 1:colcon.colcon_core.environment:checking '/home/shruti/intelligent_robotics/install/warehouse_robot' for CMake config files
[10.302s] Level 1:colcon.colcon_core.environment:checking '/home/shruti/intelligent_robotics/install/warehouse_robot/lib'
[10.304s] Level 1:colcon.colcon_core.environment:checking '/home/shruti/intelligent_robotics/install/warehouse_robot/bin'
[10.305s] Level 1:colcon.colcon_core.environment:checking '/home/shruti/intelligent_robotics/install/warehouse_robot/lib/pkgconfig/warehouse_robot.pc'
[10.306s] Level 1:colcon.colcon_core.environment:checking '/home/shruti/intelligent_robotics/install/warehouse_robot/lib/python3.12/site-packages'
[10.307s] Level 1:colcon.colcon_core.shell:create_environment_hook('warehouse_robot', 'pythonpath')
[10.308s] INFO:colcon.colcon_core.shell:Creating environment hook '/home/shruti/intelligent_robotics/install/warehouse_robot/share/warehouse_robot/hook/pythonpath.ps1'
[10.309s] INFO:colcon.colcon_core.shell:Creating environment descriptor '/home/shruti/intelligent_robotics/install/warehouse_robot/share/warehouse_robot/hook/pythonpath.dsv'
[10.310s] INFO:colcon.colcon_core.shell:Creating environment hook '/home/shruti/intelligent_robotics/install/warehouse_robot/share/warehouse_robot/hook/pythonpath.sh'
[10.310s] Level 1:colcon.colcon_core.environment:checking '/home/shruti/intelligent_robotics/install/warehouse_robot/bin'
[10.310s] Level 1:colcon.colcon_core.environment:create_environment_scripts_only(warehouse_robot)
[10.311s] INFO:colcon.colcon_core.shell:Creating package script '/home/shruti/intelligent_robotics/install/warehouse_robot/share/warehouse_robot/package.ps1'
[10.312s] INFO:colcon.colcon_core.shell:Creating package descriptor '/home/shruti/intelligent_robotics/install/warehouse_robot/share/warehouse_robot/package.dsv'
[10.313s] INFO:colcon.colcon_core.shell:Creating package script '/home/shruti/intelligent_robotics/install/warehouse_robot/share/warehouse_robot/package.sh'
[10.352s] INFO:colcon.colcon_core.shell:Creating package script '/home/shruti/intelligent_robotics/install/warehouse_robot/share/warehouse_robot/package.bash'
[10.360s] INFO:colcon.colcon_core.shell:Creating package script '/home/shruti/intelligent_robotics/install/warehouse_robot/share/warehouse_robot/package.zsh'
[10.360s] Level 1:colcon.colcon_core.environment:create_file_with_runtime_dependencies(/home/shruti/intelligent_robotics/install/warehouse_robot/share/colcon-core/packages/warehouse_robot)
[10.361s] DEBUG:colcon.colcon_parallel_executor.executor.parallel:closing loop
[10.362s] DEBUG:colcon.colcon_parallel_executor.executor.parallel:loop closed
[10.363s] DEBUG:colcon.colcon_parallel_executor.executor.parallel:run_until_complete finished with '0'
[10.363s] DEBUG:colcon.colcon_core.event_reactor:joining thread
[10.643s] INFO:colcon.colcon_core.plugin_system:Skipping extension 'colcon_notification.desktop_notification.notify_send': Could not find 'notify-send'
[10.643s] INFO:colcon.colcon_core.plugin_system:Skipping extension 'colcon_notification.desktop_notification.terminal_notifier': Not used on non-Darwin systems
[10.643s] INFO:colcon.colcon_core.plugin_system:Skipping extension 'colcon_notification.desktop_notification.win32': Not used on non-Windows systems
[10.643s] INFO:colcon.colcon_notification.desktop_notification:Sending desktop notification using 'notify2'
[10.653s] DEBUG:colcon.colcon_notification.desktop_notification.notify2:Failed to initialize notify2: org.freedesktop.DBus.Error.ServiceUnknown: The name org.freedesktop.Notifications was not provided by any .service files
[10.655s] DEBUG:colcon.colcon_core.event_reactor:joined thread
[10.656s] INFO:colcon.colcon_core.shell:Creating prefix script '/home/shruti/intelligent_robotics/install/local_setup.ps1'
[10.664s] INFO:colcon.colcon_core.shell:Creating prefix util module '/home/shruti/intelligent_robotics/install/_local_setup_util_ps1.py'
[10.671s] INFO:colcon.colcon_core.shell:Creating prefix chain script '/home/shruti/intelligent_robotics/install/setup.ps1'
[10.672s] INFO:colcon.colcon_core.shell:Creating prefix script '/home/shruti/intelligent_robotics/install/local_setup.sh'
[10.673s] INFO:colcon.colcon_core.shell:Creating prefix util module '/home/shruti/intelligent_robotics/install/_local_setup_util_sh.py'
[10.674s] INFO:colcon.colcon_core.shell:Creating prefix chain script '/home/shruti/intelligent_robotics/install/setup.sh'
[10.675s] INFO:colcon.colcon_core.shell:Creating prefix script '/home/shruti/intelligent_robotics/install/local_setup.bash'
[10.675s] INFO:colcon.colcon_core.shell:Creating prefix chain script '/home/shruti/intelligent_robotics/install/setup.bash'
[10.677s] INFO:colcon.colcon_core.shell:Creating prefix script '/home/shruti/intelligent_robotics/install/local_setup.zsh'
[10.677s] INFO:colcon.colcon_core.shell:Creating prefix chain script '/home/shruti/intelligent_robotics/install/setup.zsh'
