[0.921s] Invoking command in '/home/shruti/intelligent_robotics/build/warehouse_robot': PYTHONPATH=/home/shruti/intelligent_robotics/build/warehouse_robot/prefix_override:/usr/lib/python3/dist-packages/colcon_core/task/python/colcon_distutils_commands:/home/shruti/intelligent_robotics/install/warehouse_robot/lib/python3.12/site-packages:${PYTHONPATH} /usr/bin/python3 -W ignore:setup.py install is deprecated -W ignore:easy_install command is deprecated setup.py develop --editable --build-directory /home/shruti/intelligent_robotics/build/warehouse_robot/build --no-deps symlink_data
[1.133s] running develop
[1.261s] running egg_info
[1.273s] writing warehouse_robot.egg-info/PKG-INFO
[1.273s] writing dependency_links to warehouse_robot.egg-info/dependency_links.txt
[1.273s] writing entry points to warehouse_robot.egg-info/entry_points.txt
[1.274s] writing requirements to warehouse_robot.egg-info/requires.txt
[1.274s] writing top-level names to warehouse_robot.egg-info/top_level.txt
[1.297s] reading manifest file 'warehouse_robot.egg-info/SOURCES.txt'
[1.298s] writing manifest file 'warehouse_robot.egg-info/SOURCES.txt'
[1.311s] running build_ext
[1.311s] Creating /home/shruti/intelligent_robotics/install/warehouse_robot/lib/python3.12/site-packages/warehouse-robot.egg-link (link to .)
[1.312s] Installing mission_manager script to /home/shruti/intelligent_robotics/install/warehouse_robot/lib/warehouse_robot
[1.312s] Installing path_planner script to /home/shruti/intelligent_robotics/install/warehouse_robot/lib/warehouse_robot
[1.312s] Installing robot_controller script to /home/shruti/intelligent_robotics/install/warehouse_robot/lib/warehouse_robot
[1.312s] Installing static_map_publisher script to /home/shruti/intelligent_robotics/install/warehouse_robot/lib/warehouse_robot
[1.313s] 
[1.313s] Installed /home/shruti/intelligent_robotics/build/warehouse_robot
[1.313s] running symlink_data
[1.314s] error: can't copy '/home/shruti/intelligent_robotics/build/warehouse_robot/launch/nav2_minimal.launch.py': doesn't exist or not a regular file
[1.347s] Invoked command in '/home/shruti/intelligent_robotics/build/warehouse_robot' returned '1': PYTHONPATH=/home/shruti/intelligent_robotics/build/warehouse_robot/prefix_override:/usr/lib/python3/dist-packages/colcon_core/task/python/colcon_distutils_commands:/home/shruti/intelligent_robotics/install/warehouse_robot/lib/python3.12/site-packages:${PYTHONPATH} /usr/bin/python3 -W ignore:setup.py install is deprecated -W ignore:easy_install command is deprecated setup.py develop --editable --build-directory /home/shruti/intelligent_robotics/build/warehouse_robot/build --no-deps symlink_data
