[0.613s] Invoking command in '/home/shruti/intelligent_robotics/build/warehouse_robot': PYTHONPATH=/home/shruti/intelligent_robotics/build/warehouse_robot/prefix_override:/usr/lib/python3/dist-packages/colcon_core/task/python/colcon_distutils_commands:/home/shruti/intelligent_robotics/install/warehouse_robot/lib/python3.12/site-packages:${PYTHONPATH} /usr/bin/python3 -W ignore:setup.py install is deprecated -W ignore:easy_install command is deprecated setup.py develop --editable --build-directory /home/shruti/intelligent_robotics/build/warehouse_robot/build --no-deps symlink_data
[0.801s] running develop
[0.957s] running egg_info
[0.968s] writing warehouse_robot.egg-info/PKG-INFO
[0.968s] writing dependency_links to warehouse_robot.egg-info/dependency_links.txt
[0.968s] writing entry points to warehouse_robot.egg-info/entry_points.txt
[0.969s] writing requirements to warehouse_robot.egg-info/requires.txt
[0.969s] writing top-level names to warehouse_robot.egg-info/top_level.txt
[0.989s] reading manifest file 'warehouse_robot.egg-info/SOURCES.txt'
[0.989s] writing manifest file 'warehouse_robot.egg-info/SOURCES.txt'
[1.001s] running build_ext
[1.001s] Creating /home/shruti/intelligent_robotics/install/warehouse_robot/lib/python3.12/site-packages/warehouse-robot.egg-link (link to .)
[1.001s] Installing mission_manager script to /home/shruti/intelligent_robotics/install/warehouse_robot/lib/warehouse_robot
[1.001s] Installing odom_tf_publisher script to /home/shruti/intelligent_robotics/install/warehouse_robot/lib/warehouse_robot
[1.002s] Installing path_planner script to /home/shruti/intelligent_robotics/install/warehouse_robot/lib/warehouse_robot
[1.002s] Installing robot_controller script to /home/shruti/intelligent_robotics/install/warehouse_robot/lib/warehouse_robot
[1.002s] Installing static_map_publisher script to /home/shruti/intelligent_robotics/install/warehouse_robot/lib/warehouse_robot
[1.002s] 
[1.002s] Installed /home/shruti/intelligent_robotics/build/warehouse_robot
[1.002s] running symlink_data
[1.002s] error: can't copy '/home/shruti/intelligent_robotics/build/warehouse_robot/launch/spawn_robot.launch.py': doesn't exist or not a regular file
[1.039s] Invoked command in '/home/shruti/intelligent_robotics/build/warehouse_robot' returned '1': PYTHONPATH=/home/shruti/intelligent_robotics/build/warehouse_robot/prefix_override:/usr/lib/python3/dist-packages/colcon_core/task/python/colcon_distutils_commands:/home/shruti/intelligent_robotics/install/warehouse_robot/lib/python3.12/site-packages:${PYTHONPATH} /usr/bin/python3 -W ignore:setup.py install is deprecated -W ignore:easy_install command is deprecated setup.py develop --editable --build-directory /home/shruti/intelligent_robotics/build/warehouse_robot/build --no-deps symlink_data
