[1.002s] DEBUG:colcon:Command line arguments: ['/usr/bin/colcon', 'build', '--packages-select', 'warehouse_robot']
[1.002s] DEBUG:colcon:Parsed command line arguments: Namespace(log_base=None, log_level=None, verb_name='build', build_base='build', install_base='install', merge_install=False, symlink_install=False, test_result_base=None, continue_on_error=False, executor='parallel', parallel_workers=20, event_handlers=None, ignore_user_meta=False, metas=['./colcon.meta'], base_paths=['.'], packages_ignore=None, packages_ignore_regex=None, paths=None, packages_up_to=None, packages_up_to_regex=None, packages_above=None, packages_above_and_dependencies=None, packages_above_depth=None, packages_select_by_dep=None, packages_skip_by_dep=None, packages_skip_up_to=None, packages_select_build_failed=False, packages_skip_build_finished=False, packages_select_test_failures=False, packages_skip_test_passed=False, packages_select=['warehouse_robot'], packages_skip=None, packages_select_regex=None, packages_skip_regex=None, packages_start=None, packages_end=None, allow_overriding=[], cmake_args=None, cmake_target=None, cmake_target_skip_unavailable=False, cmake_clean_cache=False, cmake_clean_first=False, cmake_force_configure=False, ament_cmake_args=None, catkin_cmake_args=None, catkin_skip_building_tests=False, verb_parser=<colcon_defaults.argument_parser.defaults.DefaultArgumentsDecorator object at 0x7f74acda9910>, verb_extension=<colcon_core.verb.build.BuildVerb object at 0x7f74acda97f0>, main=<bound method BuildVerb.main of <colcon_core.verb.build.BuildVerb object at 0x7f74acda97f0>>)
[1.146s] Level 1:colcon.colcon_core.package_discovery:discover_packages(colcon_meta) check parameters
[1.147s] Level 1:colcon.colcon_core.package_discovery:discover_packages(recursive) check parameters
[1.148s] Level 1:colcon.colcon_core.package_discovery:discover_packages(ignore) check parameters
[1.148s] Level 1:colcon.colcon_core.package_discovery:discover_packages(path) check parameters
[1.149s] Level 1:colcon.colcon_core.package_discovery:discover_packages(colcon_meta) discover
[1.150s] Level 1:colcon.colcon_core.package_discovery:discover_packages(recursive) discover
[1.151s] INFO:colcon.colcon_core.package_discovery:Crawling recursively for packages in '/home/shruti/intelligent_robotics'
[1.151s] Level 1:colcon.colcon_core.package_identification:_identify(.) by extensions ['ignore', 'ignore_ament_install']
[1.151s] Level 1:colcon.colcon_core.package_identification:_identify(.) by extension 'ignore'
[1.151s] Level 1:colcon.colcon_core.package_identification:_identify(.) by extension 'ignore_ament_install'
[1.151s] Level 1:colcon.colcon_core.package_identification:_identify(.) by extensions ['colcon_pkg']
[1.151s] Level 1:colcon.colcon_core.package_identification:_identify(.) by extension 'colcon_pkg'
[1.151s] Level 1:colcon.colcon_core.package_identification:_identify(.) by extensions ['colcon_meta']
[1.151s] Level 1:colcon.colcon_core.package_identification:_identify(.) by extension 'colcon_meta'
[1.151s] Level 1:colcon.colcon_core.package_identification:_identify(.) by extensions ['ros']
[1.151s] Level 1:colcon.colcon_core.package_identification:_identify(.) by extension 'ros'
[1.268s] Level 1:colcon.colcon_core.package_identification:_identify(.) by extensions ['cmake', 'python']
[1.268s] Level 1:colcon.colcon_core.package_identification:_identify(.) by extension 'cmake'
[1.268s] Level 1:colcon.colcon_core.package_identification:_identify(.) by extension 'python'
[1.269s] Level 1:colcon.colcon_core.package_identification:_identify(.) by extensions ['python_setup_py']
[1.269s] Level 1:colcon.colcon_core.package_identification:_identify(.) by extension 'python_setup_py'
[1.269s] Level 1:colcon.colcon_core.package_identification:_identify(build) by extensions ['ignore', 'ignore_ament_install']
[1.269s] Level 1:colcon.colcon_core.package_identification:_identify(build) by extension 'ignore'
[1.269s] Level 1:colcon.colcon_core.package_identification:_identify(build) ignored
[1.269s] Level 1:colcon.colcon_core.package_identification:_identify(install) by extensions ['ignore', 'ignore_ament_install']
[1.269s] Level 1:colcon.colcon_core.package_identification:_identify(install) by extension 'ignore'
[1.269s] Level 1:colcon.colcon_core.package_identification:_identify(install) ignored
[1.270s] Level 1:colcon.colcon_core.package_identification:_identify(log) by extensions ['ignore', 'ignore_ament_install']
[1.270s] Level 1:colcon.colcon_core.package_identification:_identify(log) by extension 'ignore'
[1.270s] Level 1:colcon.colcon_core.package_identification:_identify(log) ignored
[1.270s] Level 1:colcon.colcon_core.package_identification:_identify(src) by extensions ['ignore', 'ignore_ament_install']
[1.270s] Level 1:colcon.colcon_core.package_identification:_identify(src) by extension 'ignore'
[1.270s] Level 1:colcon.colcon_core.package_identification:_identify(src) by extension 'ignore_ament_install'
[1.270s] Level 1:colcon.colcon_core.package_identification:_identify(src) by extensions ['colcon_pkg']
[1.270s] Level 1:colcon.colcon_core.package_identification:_identify(src) by extension 'colcon_pkg'
[1.270s] Level 1:colcon.colcon_core.package_identification:_identify(src) by extensions ['colcon_meta']
[1.270s] Level 1:colcon.colcon_core.package_identification:_identify(src) by extension 'colcon_meta'
[1.270s] Level 1:colcon.colcon_core.package_identification:_identify(src) by extensions ['ros']
[1.270s] Level 1:colcon.colcon_core.package_identification:_identify(src) by extension 'ros'
[1.270s] Level 1:colcon.colcon_core.package_identification:_identify(src) by extensions ['cmake', 'python']
[1.270s] Level 1:colcon.colcon_core.package_identification:_identify(src) by extension 'cmake'
[1.270s] Level 1:colcon.colcon_core.package_identification:_identify(src) by extension 'python'
[1.271s] Level 1:colcon.colcon_core.package_identification:_identify(src) by extensions ['python_setup_py']
[1.271s] Level 1:colcon.colcon_core.package_identification:_identify(src) by extension 'python_setup_py'
[1.271s] Level 1:colcon.colcon_core.package_identification:_identify(src/warehouse_robot) by extensions ['ignore', 'ignore_ament_install']
[1.271s] Level 1:colcon.colcon_core.package_identification:_identify(src/warehouse_robot) by extension 'ignore'
[1.271s] Level 1:colcon.colcon_core.package_identification:_identify(src/warehouse_robot) by extension 'ignore_ament_install'
[1.271s] Level 1:colcon.colcon_core.package_identification:_identify(src/warehouse_robot) by extensions ['colcon_pkg']
[1.271s] Level 1:colcon.colcon_core.package_identification:_identify(src/warehouse_robot) by extension 'colcon_pkg'
[1.271s] Level 1:colcon.colcon_core.package_identification:_identify(src/warehouse_robot) by extensions ['colcon_meta']
[1.271s] Level 1:colcon.colcon_core.package_identification:_identify(src/warehouse_robot) by extension 'colcon_meta'
[1.271s] Level 1:colcon.colcon_core.package_identification:_identify(src/warehouse_robot) by extensions ['ros']
[1.271s] Level 1:colcon.colcon_core.package_identification:_identify(src/warehouse_robot) by extension 'ros'
[1.274s] DEBUG:colcon.colcon_core.package_identification:Package 'src/warehouse_robot' with type 'ros.ament_python' and name 'warehouse_robot'
[1.274s] Level 1:colcon.colcon_core.package_identification:_identify(src/warehouse_world) by extensions ['ignore', 'ignore_ament_install']
[1.274s] Level 1:colcon.colcon_core.package_identification:_identify(src/warehouse_world) by extension 'ignore'
[1.274s] Level 1:colcon.colcon_core.package_identification:_identify(src/warehouse_world) by extension 'ignore_ament_install'
[1.274s] Level 1:colcon.colcon_core.package_identification:_identify(src/warehouse_world) by extensions ['colcon_pkg']
[1.274s] Level 1:colcon.colcon_core.package_identification:_identify(src/warehouse_world) by extension 'colcon_pkg'
[1.274s] Level 1:colcon.colcon_core.package_identification:_identify(src/warehouse_world) by extensions ['colcon_meta']
[1.274s] Level 1:colcon.colcon_core.package_identification:_identify(src/warehouse_world) by extension 'colcon_meta'
[1.274s] Level 1:colcon.colcon_core.package_identification:_identify(src/warehouse_world) by extensions ['ros']
[1.274s] Level 1:colcon.colcon_core.package_identification:_identify(src/warehouse_world) by extension 'ros'
[1.275s] DEBUG:colcon.colcon_core.package_identification:Package 'src/warehouse_world' with type 'ros.ament_python' and name 'warehouse_world'
[1.275s] Level 1:colcon.colcon_core.package_discovery:discover_packages(recursive) using defaults
[1.275s] Level 1:colcon.colcon_core.package_discovery:discover_packages(ignore) discover
[1.275s] Level 1:colcon.colcon_core.package_discovery:discover_packages(ignore) using defaults
[1.275s] Level 1:colcon.colcon_core.package_discovery:discover_packages(path) discover
[1.275s] Level 1:colcon.colcon_core.package_discovery:discover_packages(path) using defaults
[1.367s] INFO:colcon.colcon_core.package_selection:Skipping not selected package 'warehouse_world' in 'src/warehouse_world'
[1.369s] Level 1:colcon.colcon_core.package_discovery:discover_packages(prefix_path) check parameters
[1.370s] Level 1:colcon.colcon_core.package_discovery:discover_packages(prefix_path) discover
[1.376s] WARNING:colcon.colcon_ros.prefix_path.ament:The path '/home/shruti/intelligent_robotics/install/warehouse_robot' in the environment variable AMENT_PREFIX_PATH doesn't exist
[1.382s] DEBUG:colcon.colcon_installed_package_information.package_discovery:Found 1 installed packages in /home/shruti/intelligent_robotics/install
[1.396s] DEBUG:colcon.colcon_installed_package_information.package_discovery:Found 496 installed packages in /opt/ros/jazzy
[1.406s] Level 1:colcon.colcon_core.package_discovery:discover_packages(prefix_path) using defaults
[1.641s] Level 5:colcon.colcon_core.verb:set package 'warehouse_robot' build argument 'cmake_args' from command line to 'None'
[1.642s] Level 5:colcon.colcon_core.verb:set package 'warehouse_robot' build argument 'cmake_target' from command line to 'None'
[1.642s] Level 5:colcon.colcon_core.verb:set package 'warehouse_robot' build argument 'cmake_target_skip_unavailable' from command line to 'False'
[1.643s] Level 5:colcon.colcon_core.verb:set package 'warehouse_robot' build argument 'cmake_clean_cache' from command line to 'False'
[1.643s] Level 5:colcon.colcon_core.verb:set package 'warehouse_robot' build argument 'cmake_clean_first' from command line to 'False'
[1.644s] Level 5:colcon.colcon_core.verb:set package 'warehouse_robot' build argument 'cmake_force_configure' from command line to 'False'
[1.644s] Level 5:colcon.colcon_core.verb:set package 'warehouse_robot' build argument 'ament_cmake_args' from command line to 'None'
[1.644s] Level 5:colcon.colcon_core.verb:set package 'warehouse_robot' build argument 'catkin_cmake_args' from command line to 'None'
[1.644s] Level 5:colcon.colcon_core.verb:set package 'warehouse_robot' build argument 'catkin_skip_building_tests' from command line to 'False'
[1.645s] DEBUG:colcon.colcon_core.verb:Building package 'warehouse_robot' with the following arguments: {'ament_cmake_args': None, 'build_base': '/home/shruti/intelligent_robotics/build/warehouse_robot', 'catkin_cmake_args': None, 'catkin_skip_building_tests': False, 'cmake_args': None, 'cmake_clean_cache': False, 'cmake_clean_first': False, 'cmake_force_configure': False, 'cmake_target': None, 'cmake_target_skip_unavailable': False, 'install_base': '/home/shruti/intelligent_robotics/install/warehouse_robot', 'merge_install': False, 'path': '/home/shruti/intelligent_robotics/src/warehouse_robot', 'symlink_install': False, 'test_result_base': None}
[1.646s] INFO:colcon.colcon_core.executor:Executing jobs using 'parallel' executor
[1.649s] DEBUG:colcon.colcon_parallel_executor.executor.parallel:run_until_complete
[1.651s] INFO:colcon.colcon_ros.task.ament_python.build:Building ROS package in '/home/shruti/intelligent_robotics/src/warehouse_robot' with build type 'ament_python'
[1.651s] Level 1:colcon.colcon_core.shell:create_environment_hook('warehouse_robot', 'ament_prefix_path')
[1.653s] INFO:colcon.colcon_core.plugin_system:Skipping extension 'colcon_core.shell.bat': Not used on non-Windows systems
[1.654s] INFO:colcon.colcon_core.shell:Creating environment hook '/home/shruti/intelligent_robotics/install/warehouse_robot/share/warehouse_robot/hook/ament_prefix_path.ps1'
[1.667s] INFO:colcon.colcon_core.shell:Creating environment descriptor '/home/shruti/intelligent_robotics/install/warehouse_robot/share/warehouse_robot/hook/ament_prefix_path.dsv'
[1.667s] INFO:colcon.colcon_core.shell:Creating environment hook '/home/shruti/intelligent_robotics/install/warehouse_robot/share/warehouse_robot/hook/ament_prefix_path.sh'
[1.668s] INFO:colcon.colcon_core.shell:Skip shell extension 'powershell' for command environment: Not usable outside of PowerShell
[1.669s] DEBUG:colcon.colcon_core.shell:Skip shell extension 'dsv' for command environment
[2.692s] INFO:colcon.colcon_core.task.python.build:Building Python package in '/home/shruti/intelligent_robotics/src/warehouse_robot'
[2.693s] INFO:colcon.colcon_core.shell:Skip shell extension 'powershell' for command environment: Not usable outside of PowerShell
[2.693s] DEBUG:colcon.colcon_core.shell:Skip shell extension 'dsv' for command environment
[5.430s] DEBUG:colcon.colcon_core.event_handler.log_command:Invoking command in '/home/shruti/intelligent_robotics/src/warehouse_robot': PYTHONPATH=/home/shruti/intelligent_robotics/build/warehouse_robot/prefix_override:/usr/lib/python3/dist-packages/colcon_core/task/python/colcon_distutils_commands:/home/shruti/intelligent_robotics/install/warehouse_robot/lib/python3.12/site-packages:${PYTHONPATH} /usr/bin/python3 -W ignore:setup.py install is deprecated -W ignore:easy_install command is deprecated setup.py egg_info --egg-base ../../build/warehouse_robot build --build-base /home/shruti/intelligent_robotics/build/warehouse_robot/build install --record /home/shruti/intelligent_robotics/build/warehouse_robot/install.log --single-version-externally-managed install_data
[7.911s] DEBUG:colcon.colcon_core.event_handler.log_command:Invoked command in '/home/shruti/intelligent_robotics/src/warehouse_robot' returned '0': PYTHONPATH=/home/shruti/intelligent_robotics/build/warehouse_robot/prefix_override:/usr/lib/python3/dist-packages/colcon_core/task/python/colcon_distutils_commands:/home/shruti/intelligent_robotics/install/warehouse_robot/lib/python3.12/site-packages:${PYTHONPATH} /usr/bin/python3 -W ignore:setup.py install is deprecated -W ignore:easy_install command is deprecated setup.py egg_info --egg-base ../../build/warehouse_robot build --build-base /home/shruti/intelligent_robotics/build/warehouse_robot/build install --record /home/shruti/intelligent_robotics/build/warehouse_robot/install.log --single-version-externally-managed install_data
[7.925s] Level 1:colcon.colcon_core.environment:checking '/home/shruti/intelligent_robotics/install/warehouse_robot' for CMake module files
[7.928s] Level 1:colcon.colcon_core.environment:checking '/home/shruti/intelligent_robotics/install/warehouse_robot' for CMake config files
[7.932s] Level 1:colcon.colcon_core.environment:checking '/home/shruti/intelligent_robotics/install/warehouse_robot/lib'
[7.933s] Level 1:colcon.colcon_core.environment:checking '/home/shruti/intelligent_robotics/install/warehouse_robot/bin'
[7.934s] Level 1:colcon.colcon_core.environment:checking '/home/shruti/intelligent_robotics/install/warehouse_robot/lib/pkgconfig/warehouse_robot.pc'
[7.936s] Level 1:colcon.colcon_core.environment:checking '/home/shruti/intelligent_robotics/install/warehouse_robot/lib/python3.12/site-packages'
[7.936s] Level 1:colcon.colcon_core.shell:create_environment_hook('warehouse_robot', 'pythonpath')
[7.937s] INFO:colcon.colcon_core.shell:Creating environment hook '/home/shruti/intelligent_robotics/install/warehouse_robot/share/warehouse_robot/hook/pythonpath.ps1'
[7.942s] INFO:colcon.colcon_core.shell:Creating environment descriptor '/home/shruti/intelligent_robotics/install/warehouse_robot/share/warehouse_robot/hook/pythonpath.dsv'
[7.945s] INFO:colcon.colcon_core.shell:Creating environment hook '/home/shruti/intelligent_robotics/install/warehouse_robot/share/warehouse_robot/hook/pythonpath.sh'
[7.951s] Level 1:colcon.colcon_core.environment:checking '/home/shruti/intelligent_robotics/install/warehouse_robot/bin'
[7.951s] Level 1:colcon.colcon_core.environment:create_environment_scripts_only(warehouse_robot)
[7.953s] INFO:colcon.colcon_core.shell:Creating package script '/home/shruti/intelligent_robotics/install/warehouse_robot/share/warehouse_robot/package.ps1'
[7.962s] INFO:colcon.colcon_core.shell:Creating package descriptor '/home/shruti/intelligent_robotics/install/warehouse_robot/share/warehouse_robot/package.dsv'
[7.966s] INFO:colcon.colcon_core.shell:Creating package script '/home/shruti/intelligent_robotics/install/warehouse_robot/share/warehouse_robot/package.sh'
[8.003s] INFO:colcon.colcon_core.shell:Creating package script '/home/shruti/intelligent_robotics/install/warehouse_robot/share/warehouse_robot/package.bash'
[8.005s] INFO:colcon.colcon_core.shell:Creating package script '/home/shruti/intelligent_robotics/install/warehouse_robot/share/warehouse_robot/package.zsh'
[8.008s] Level 1:colcon.colcon_core.environment:create_file_with_runtime_dependencies(/home/shruti/intelligent_robotics/install/warehouse_robot/share/colcon-core/packages/warehouse_robot)
[8.014s] DEBUG:colcon.colcon_parallel_executor.executor.parallel:closing loop
[8.014s] DEBUG:colcon.colcon_parallel_executor.executor.parallel:loop closed
[8.015s] DEBUG:colcon.colcon_parallel_executor.executor.parallel:run_until_complete finished with '0'
[8.015s] DEBUG:colcon.colcon_core.event_reactor:joining thread
[8.281s] INFO:colcon.colcon_core.plugin_system:Skipping extension 'colcon_notification.desktop_notification.notify_send': Could not find 'notify-send'
[8.281s] INFO:colcon.colcon_core.plugin_system:Skipping extension 'colcon_notification.desktop_notification.terminal_notifier': Not used on non-Darwin systems
[8.281s] INFO:colcon.colcon_core.plugin_system:Skipping extension 'colcon_notification.desktop_notification.win32': Not used on non-Windows systems
[8.281s] INFO:colcon.colcon_notification.desktop_notification:Sending desktop notification using 'notify2'
[8.285s] DEBUG:colcon.colcon_notification.desktop_notification.notify2:Failed to initialize notify2: org.freedesktop.DBus.Error.ServiceUnknown: The name org.freedesktop.Notifications was not provided by any .service files
[8.286s] DEBUG:colcon.colcon_core.event_reactor:joined thread
[8.288s] INFO:colcon.colcon_core.shell:Creating prefix script '/home/shruti/intelligent_robotics/install/local_setup.ps1'
[8.293s] INFO:colcon.colcon_core.shell:Creating prefix util module '/home/shruti/intelligent_robotics/install/_local_setup_util_ps1.py'
[8.300s] INFO:colcon.colcon_core.shell:Creating prefix chain script '/home/shruti/intelligent_robotics/install/setup.ps1'
[8.302s] INFO:colcon.colcon_core.shell:Creating prefix script '/home/shruti/intelligent_robotics/install/local_setup.sh'
[8.302s] INFO:colcon.colcon_core.shell:Creating prefix util module '/home/shruti/intelligent_robotics/install/_local_setup_util_sh.py'
[8.303s] INFO:colcon.colcon_core.shell:Creating prefix chain script '/home/shruti/intelligent_robotics/install/setup.sh'
[8.311s] INFO:colcon.colcon_core.shell:Creating prefix script '/home/shruti/intelligent_robotics/install/local_setup.bash'
[8.314s] INFO:colcon.colcon_core.shell:Creating prefix chain script '/home/shruti/intelligent_robotics/install/setup.bash'
[8.320s] INFO:colcon.colcon_core.shell:Creating prefix script '/home/shruti/intelligent_robotics/install/local_setup.zsh'
[8.323s] INFO:colcon.colcon_core.shell:Creating prefix chain script '/home/shruti/intelligent_robotics/install/setup.zsh'
