[0.593s] Invoking command in '/home/shruti/intelligent_robotics/build/warehouse_robot': PYTHONPATH=/home/shruti/intelligent_robotics/build/warehouse_robot/prefix_override:/usr/lib/python3/dist-packages/colcon_core/task/python/colcon_distutils_commands:/home/shruti/intelligent_robotics/install/warehouse_robot/lib/python3.12/site-packages:${PYTHONPATH} /usr/bin/python3 -W ignore:setup.py install is deprecated -W ignore:easy_install command is deprecated setup.py develop --editable --build-directory /home/shruti/intelligent_robotics/build/warehouse_robot/build --no-deps symlink_data
[0.797s] running develop
[0.913s] running egg_info
[0.913s] creating warehouse_robot.egg-info
[0.924s] writing warehouse_robot.egg-info/PKG-INFO
[0.924s] writing dependency_links to warehouse_robot.egg-info/dependency_links.txt
[0.924s] writing entry points to warehouse_robot.egg-info/entry_points.txt
[0.925s] writing requirements to warehouse_robot.egg-info/requires.txt
[0.925s] writing top-level names to warehouse_robot.egg-info/top_level.txt
[0.925s] writing manifest file 'warehouse_robot.egg-info/SOURCES.txt'
[0.945s] reading manifest file 'warehouse_robot.egg-info/SOURCES.txt'
[0.945s] writing manifest file 'warehouse_robot.egg-info/SOURCES.txt'
[0.956s] running build_ext
[0.956s] Creating /home/shruti/intelligent_robotics/install/warehouse_robot/lib/python3.12/site-packages/warehouse-robot.egg-link (link to .)
[0.957s] Installing path_planner script to /home/shruti/intelligent_robotics/install/warehouse_robot/lib/warehouse_robot
[0.957s] Installing robot_controller script to /home/shruti/intelligent_robotics/install/warehouse_robot/lib/warehouse_robot
[0.958s] 
[0.958s] Installed /home/shruti/intelligent_robotics/build/warehouse_robot
[0.958s] running symlink_data
[0.958s] creating /home/shruti/intelligent_robotics/install/warehouse_robot/share/ament_index
[0.958s] creating /home/shruti/intelligent_robotics/install/warehouse_robot/share/ament_index/resource_index
[0.958s] creating /home/shruti/intelligent_robotics/install/warehouse_robot/share/ament_index/resource_index/packages
[0.958s] symbolically linking /home/shruti/intelligent_robotics/build/warehouse_robot/resource/warehouse_robot -> /home/shruti/intelligent_robotics/install/warehouse_robot/share/ament_index/resource_index/packages
[0.958s] symbolically linking /home/shruti/intelligent_robotics/build/warehouse_robot/package.xml -> /home/shruti/intelligent_robotics/install/warehouse_robot/share/warehouse_robot
[0.958s] creating /home/shruti/intelligent_robotics/install/warehouse_robot/share/warehouse_robot/launch
[0.959s] symbolically linking /home/shruti/intelligent_robotics/build/warehouse_robot/launch/spawn_robot.launch.py -> /home/shruti/intelligent_robotics/install/warehouse_robot/share/warehouse_robot/launch
[0.959s] creating /home/shruti/intelligent_robotics/install/warehouse_robot/share/warehouse_robot/urdf
[0.959s] symbolically linking /home/shruti/intelligent_robotics/build/warehouse_robot/urdf/warehouse_amr.urdf -> /home/shruti/intelligent_robotics/install/warehouse_robot/share/warehouse_robot/urdf
[1.000s] Invoked command in '/home/shruti/intelligent_robotics/build/warehouse_robot' returned '0': PYTHONPATH=/home/shruti/intelligent_robotics/build/warehouse_robot/prefix_override:/usr/lib/python3/dist-packages/colcon_core/task/python/colcon_distutils_commands:/home/shruti/intelligent_robotics/install/warehouse_robot/lib/python3.12/site-packages:${PYTHONPATH} /usr/bin/python3 -W ignore:setup.py install is deprecated -W ignore:easy_install command is deprecated setup.py develop --editable --build-directory /home/shruti/intelligent_robotics/build/warehouse_robot/build --no-deps symlink_data
