[0.673s] Invoking command in '/home/shruti/intelligent_robotics/build/warehouse_world': PYTHONPATH=/home/shruti/intelligent_robotics/build/warehouse_world/prefix_override:/usr/lib/python3/dist-packages/colcon_core/task/python/colcon_distutils_commands:/home/shruti/intelligent_robotics/install/warehouse_world/lib/python3.12/site-packages:${PYTHONPATH} /usr/bin/python3 -W ignore:setup.py install is deprecated -W ignore:easy_install command is deprecated setup.py develop --editable --build-directory /home/shruti/intelligent_robotics/build/warehouse_world/build --no-deps symlink_data
[0.886s] running develop
[1.008s] running egg_info
[1.008s] creating warehouse_world.egg-info
[1.020s] writing warehouse_world.egg-info/PKG-INFO
[1.021s] writing dependency_links to warehouse_world.egg-info/dependency_links.txt
[1.021s] writing requirements to warehouse_world.egg-info/requires.txt
[1.021s] writing top-level names to warehouse_world.egg-info/top_level.txt
[1.021s] writing manifest file 'warehouse_world.egg-info/SOURCES.txt'
[1.045s] reading manifest file 'warehouse_world.egg-info/SOURCES.txt'
[1.046s] writing manifest file 'warehouse_world.egg-info/SOURCES.txt'
[1.058s] running build_ext
[1.059s] Creating /home/shruti/intelligent_robotics/install/warehouse_world/lib/python3.12/site-packages/warehouse-world.egg-link (link to .)
[1.059s] 
[1.059s] Installed /home/shruti/intelligent_robotics/build/warehouse_world
[1.059s] running symlink_data
[1.059s] creating /home/shruti/intelligent_robotics/install/warehouse_world/share/ament_index
[1.059s] creating /home/shruti/intelligent_robotics/install/warehouse_world/share/ament_index/resource_index
[1.060s] creating /home/shruti/intelligent_robotics/install/warehouse_world/share/ament_index/resource_index/packages
[1.060s] symbolically linking /home/shruti/intelligent_robotics/build/warehouse_world/resource/warehouse_world -> /home/shruti/intelligent_robotics/install/warehouse_world/share/ament_index/resource_index/packages
[1.060s] symbolically linking /home/shruti/intelligent_robotics/build/warehouse_world/package.xml -> /home/shruti/intelligent_robotics/install/warehouse_world/share/warehouse_world
[1.060s] creating /home/shruti/intelligent_robotics/install/warehouse_world/share/warehouse_world/launch
[1.060s] symbolically linking /home/shruti/intelligent_robotics/build/warehouse_world/launch/world.launch.py -> /home/shruti/intelligent_robotics/install/warehouse_world/share/warehouse_world/launch
[1.060s] creating /home/shruti/intelligent_robotics/install/warehouse_world/share/warehouse_world/worlds
[1.060s] symbolically linking /home/shruti/intelligent_robotics/build/warehouse_world/worlds/warehouse.world -> /home/shruti/intelligent_robotics/install/warehouse_world/share/warehouse_world/worlds
[1.084s] Invoked command in '/home/shruti/intelligent_robotics/build/warehouse_world' returned '0': PYTHONPATH=/home/shruti/intelligent_robotics/build/warehouse_world/prefix_override:/usr/lib/python3/dist-packages/colcon_core/task/python/colcon_distutils_commands:/home/shruti/intelligent_robotics/install/warehouse_world/lib/python3.12/site-packages:${PYTHONPATH} /usr/bin/python3 -W ignore:setup.py install is deprecated -W ignore:easy_install command is deprecated setup.py develop --editable --build-directory /home/shruti/intelligent_robotics/build/warehouse_world/build --no-deps symlink_data
