[0.847s] Invoking command in '/home/shruti/intelligent_robotics/src/warehouse_world': PYTHONPATH=/home/shruti/intelligent_robotics/build/warehouse_world/prefix_override:/usr/lib/python3/dist-packages/colcon_core/task/python/colcon_distutils_commands:/home/shruti/intelligent_robotics/install/warehouse_world/lib/python3.12/site-packages:${PYTHONPATH} /usr/bin/python3 -W ignore:setup.py install is deprecated -W ignore:easy_install command is deprecated setup.py egg_info --egg-base ../../build/warehouse_world build --build-base /home/shruti/intelligent_robotics/build/warehouse_world/build install --record /home/shruti/intelligent_robotics/build/warehouse_world/install.log --single-version-externally-managed install_data
[0.986s] running egg_info
[0.986s] creating ../../build/warehouse_world/warehouse_world.egg-info
[0.996s] writing ../../build/warehouse_world/warehouse_world.egg-info/PKG-INFO
[0.996s] writing dependency_links to ../../build/warehouse_world/warehouse_world.egg-info/dependency_links.txt
[0.997s] writing requirements to ../../build/warehouse_world/warehouse_world.egg-info/requires.txt
[0.997s] writing top-level names to ../../build/warehouse_world/warehouse_world.egg-info/top_level.txt
[0.997s] writing manifest file '../../build/warehouse_world/warehouse_world.egg-info/SOURCES.txt'
[1.018s] reading manifest file '../../build/warehouse_world/warehouse_world.egg-info/SOURCES.txt'
[1.019s] writing manifest file '../../build/warehouse_world/warehouse_world.egg-info/SOURCES.txt'
[1.019s] running build
[1.019s] running build_py
[1.020s] creating /home/shruti/intelligent_robotics/build/warehouse_world/build
[1.020s] creating /home/shruti/intelligent_robotics/build/warehouse_world/build/lib
[1.020s] creating /home/shruti/intelligent_robotics/build/warehouse_world/build/lib/warehouse_world
[1.020s] copying warehouse_world/__init__.py -> /home/shruti/intelligent_robotics/build/warehouse_world/build/lib/warehouse_world
[1.020s] running install
[1.023s] running install_lib
[1.033s] creating /home/shruti/intelligent_robotics/install/warehouse_world/lib/python3.12/site-packages/warehouse_world
[1.033s] copying /home/shruti/intelligent_robotics/build/warehouse_world/build/lib/warehouse_world/__init__.py -> /home/shruti/intelligent_robotics/install/warehouse_world/lib/python3.12/site-packages/warehouse_world
[1.034s] byte-compiling /home/shruti/intelligent_robotics/install/warehouse_world/lib/python3.12/site-packages/warehouse_world/__init__.py to __init__.cpython-312.pyc
[1.034s] running install_data
[1.034s] creating /home/shruti/intelligent_robotics/install/warehouse_world/share/ament_index
[1.034s] creating /home/shruti/intelligent_robotics/install/warehouse_world/share/ament_index/resource_index
[1.034s] creating /home/shruti/intelligent_robotics/install/warehouse_world/share/ament_index/resource_index/packages
[1.034s] copying resource/warehouse_world -> /home/shruti/intelligent_robotics/install/warehouse_world/share/ament_index/resource_index/packages
[1.034s] copying package.xml -> /home/shruti/intelligent_robotics/install/warehouse_world/share/warehouse_world
[1.034s] creating /home/shruti/intelligent_robotics/install/warehouse_world/share/warehouse_world/launch
[1.035s] copying launch/world.launch.py -> /home/shruti/intelligent_robotics/install/warehouse_world/share/warehouse_world/launch
[1.035s] creating /home/shruti/intelligent_robotics/install/warehouse_world/share/warehouse_world/worlds
[1.035s] copying worlds/warehouse.world -> /home/shruti/intelligent_robotics/install/warehouse_world/share/warehouse_world/worlds
[1.035s] running install_egg_info
[1.046s] Copying ../../build/warehouse_world/warehouse_world.egg-info to /home/shruti/intelligent_robotics/install/warehouse_world/lib/python3.12/site-packages/warehouse_world-0.0.0-py3.12.egg-info
[1.047s] running install_scripts
[1.115s] writing list of installed files to '/home/shruti/intelligent_robotics/build/warehouse_world/install.log'
[1.134s] Invoked command in '/home/shruti/intelligent_robotics/src/warehouse_world' returned '0': PYTHONPATH=/home/shruti/intelligent_robotics/build/warehouse_world/prefix_override:/usr/lib/python3/dist-packages/colcon_core/task/python/colcon_distutils_commands:/home/shruti/intelligent_robotics/install/warehouse_world/lib/python3.12/site-packages:${PYTHONPATH} /usr/bin/python3 -W ignore:setup.py install is deprecated -W ignore:easy_install command is deprecated setup.py egg_info --egg-base ../../build/warehouse_world build --build-base /home/shruti/intelligent_robotics/build/warehouse_world/build install --record /home/shruti/intelligent_robotics/build/warehouse_world/install.log --single-version-externally-managed install_data
