[0.808s] DEBUG:colcon:Command line arguments: ['/usr/bin/colcon', 'build', '--symlink-install']
[0.808s] DEBUG:colcon:Parsed command line arguments: Namespace(log_base=None, log_level=None, verb_name='build', build_base='build', install_base='install', merge_install=False, symlink_install=True, test_result_base=None, continue_on_error=False, executor='parallel', parallel_workers=20, event_handlers=None, ignore_user_meta=False, metas=['./colcon.meta'], base_paths=['.'], packages_ignore=None, packages_ignore_regex=None, paths=None, packages_up_to=None, packages_up_to_regex=None, packages_above=None, packages_above_and_dependencies=None, packages_above_depth=None, packages_select_by_dep=None, packages_skip_by_dep=None, packages_skip_up_to=None, packages_select_build_failed=False, packages_skip_build_finished=False, packages_select_test_failures=False, packages_skip_test_passed=False, packages_select=None, packages_skip=None, packages_select_regex=None, packages_skip_regex=None, packages_start=None, packages_end=None, allow_overriding=[], cmake_args=None, cmake_target=None, cmake_target_skip_unavailable=False, cmake_clean_cache=False, cmake_clean_first=False, cmake_force_configure=False, ament_cmake_args=None, catkin_cmake_args=None, catkin_skip_building_tests=False, verb_parser=<colcon_defaults.argument_parser.defaults.DefaultArgumentsDecorator object at 0x7f4b60f0dfa0>, verb_extension=<colcon_core.verb.build.BuildVerb object at 0x7f4b60f0db50>, main=<bound method BuildVerb.main of <colcon_core.verb.build.BuildVerb object at 0x7f4b60f0db50>>)
[0.964s] Level 1:colcon.colcon_core.package_discovery:discover_packages(colcon_meta) check parameters
[0.964s] Level 1:colcon.colcon_core.package_discovery:discover_packages(recursive) check parameters
[0.964s] Level 1:colcon.colcon_core.package_discovery:discover_packages(ignore) check parameters
[0.964s] Level 1:colcon.colcon_core.package_discovery:discover_packages(path) check parameters
[0.964s] Level 1:colcon.colcon_core.package_discovery:discover_packages(colcon_meta) discover
[0.964s] Level 1:colcon.colcon_core.package_discovery:discover_packages(recursive) discover
[0.965s] INFO:colcon.colcon_core.package_discovery:Crawling recursively for packages in '/home/shruti/intelligent_robotics'
[0.965s] Level 1:colcon.colcon_core.package_identification:_identify(.) by extensions ['ignore', 'ignore_ament_install']
[0.965s] Level 1:colcon.colcon_core.package_identification:_identify(.) by extension 'ignore'
[0.965s] Level 1:colcon.colcon_core.package_identification:_identify(.) by extension 'ignore_ament_install'
[0.965s] Level 1:colcon.colcon_core.package_identification:_identify(.) by extensions ['colcon_pkg']
[0.965s] Level 1:colcon.colcon_core.package_identification:_identify(.) by extension 'colcon_pkg'
[0.965s] Level 1:colcon.colcon_core.package_identification:_identify(.) by extensions ['colcon_meta']
[0.965s] Level 1:colcon.colcon_core.package_identification:_identify(.) by extension 'colcon_meta'
[0.965s] Level 1:colcon.colcon_core.package_identification:_identify(.) by extensions ['ros']
[0.965s] Level 1:colcon.colcon_core.package_identification:_identify(.) by extension 'ros'
[1.084s] Level 1:colcon.colcon_core.package_identification:_identify(.) by extensions ['cmake', 'python']
[1.084s] Level 1:colcon.colcon_core.package_identification:_identify(.) by extension 'cmake'
[1.084s] Level 1:colcon.colcon_core.package_identification:_identify(.) by extension 'python'
[1.085s] Level 1:colcon.colcon_core.package_identification:_identify(.) by extensions ['python_setup_py']
[1.085s] Level 1:colcon.colcon_core.package_identification:_identify(.) by extension 'python_setup_py'
[1.085s] Level 1:colcon.colcon_core.package_identification:_identify(build) by extensions ['ignore', 'ignore_ament_install']
[1.086s] Level 1:colcon.colcon_core.package_identification:_identify(build) by extension 'ignore'
[1.086s] Level 1:colcon.colcon_core.package_identification:_identify(build) ignored
[1.087s] Level 1:colcon.colcon_core.package_identification:_identify(install) by extensions ['ignore', 'ignore_ament_install']
[1.087s] Level 1:colcon.colcon_core.package_identification:_identify(install) by extension 'ignore'
[1.087s] Level 1:colcon.colcon_core.package_identification:_identify(install) ignored
[1.088s] Level 1:colcon.colcon_core.package_identification:_identify(log) by extensions ['ignore', 'ignore_ament_install']
[1.088s] Level 1:colcon.colcon_core.package_identification:_identify(log) by extension 'ignore'
[1.088s] Level 1:colcon.colcon_core.package_identification:_identify(log) ignored
[1.089s] Level 1:colcon.colcon_core.package_identification:_identify(src) by extensions ['ignore', 'ignore_ament_install']
[1.089s] Level 1:colcon.colcon_core.package_identification:_identify(src) by extension 'ignore'
[1.089s] Level 1:colcon.colcon_core.package_identification:_identify(src) by extension 'ignore_ament_install'
[1.090s] Level 1:colcon.colcon_core.package_identification:_identify(src) by extensions ['colcon_pkg']
[1.090s] Level 1:colcon.colcon_core.package_identification:_identify(src) by extension 'colcon_pkg'
[1.090s] Level 1:colcon.colcon_core.package_identification:_identify(src) by extensions ['colcon_meta']
[1.090s] Level 1:colcon.colcon_core.package_identification:_identify(src) by extension 'colcon_meta'
[1.090s] Level 1:colcon.colcon_core.package_identification:_identify(src) by extensions ['ros']
[1.090s] Level 1:colcon.colcon_core.package_identification:_identify(src) by extension 'ros'
[1.091s] Level 1:colcon.colcon_core.package_identification:_identify(src) by extensions ['cmake', 'python']
[1.091s] Level 1:colcon.colcon_core.package_identification:_identify(src) by extension 'cmake'
[1.091s] Level 1:colcon.colcon_core.package_identification:_identify(src) by extension 'python'
[1.091s] Level 1:colcon.colcon_core.package_identification:_identify(src) by extensions ['python_setup_py']
[1.092s] Level 1:colcon.colcon_core.package_identification:_identify(src) by extension 'python_setup_py'
[1.092s] Level 1:colcon.colcon_core.package_identification:_identify(src/warehouse_robot) by extensions ['ignore', 'ignore_ament_install']
[1.092s] Level 1:colcon.colcon_core.package_identification:_identify(src/warehouse_robot) by extension 'ignore'
[1.093s] Level 1:colcon.colcon_core.package_identification:_identify(src/warehouse_robot) by extension 'ignore_ament_install'
[1.093s] Level 1:colcon.colcon_core.package_identification:_identify(src/warehouse_robot) by extensions ['colcon_pkg']
[1.093s] Level 1:colcon.colcon_core.package_identification:_identify(src/warehouse_robot) by extension 'colcon_pkg'
[1.093s] Level 1:colcon.colcon_core.package_identification:_identify(src/warehouse_robot) by extensions ['colcon_meta']
[1.093s] Level 1:colcon.colcon_core.package_identification:_identify(src/warehouse_robot) by extension 'colcon_meta'
[1.093s] Level 1:colcon.colcon_core.package_identification:_identify(src/warehouse_robot) by extensions ['ros']
[1.094s] Level 1:colcon.colcon_core.package_identification:_identify(src/warehouse_robot) by extension 'ros'
[1.107s] DEBUG:colcon.colcon_core.package_identification:Package 'src/warehouse_robot' with type 'ros.ament_python' and name 'warehouse_robot'
[1.108s] Level 1:colcon.colcon_core.package_identification:_identify(src/warehouse_world) by extensions ['ignore', 'ignore_ament_install']
[1.109s] Level 1:colcon.colcon_core.package_identification:_identify(src/warehouse_world) by extension 'ignore'
[1.109s] Level 1:colcon.colcon_core.package_identification:_identify(src/warehouse_world) by extension 'ignore_ament_install'
[1.110s] Level 1:colcon.colcon_core.package_identification:_identify(src/warehouse_world) by extensions ['colcon_pkg']
[1.110s] Level 1:colcon.colcon_core.package_identification:_identify(src/warehouse_world) by extension 'colcon_pkg'
[1.110s] Level 1:colcon.colcon_core.package_identification:_identify(src/warehouse_world) by extensions ['colcon_meta']
[1.110s] Level 1:colcon.colcon_core.package_identification:_identify(src/warehouse_world) by extension 'colcon_meta'
[1.111s] Level 1:colcon.colcon_core.package_identification:_identify(src/warehouse_world) by extensions ['ros']
[1.111s] Level 1:colcon.colcon_core.package_identification:_identify(src/warehouse_world) by extension 'ros'
[1.113s] DEBUG:colcon.colcon_core.package_identification:Package 'src/warehouse_world' with type 'ros.ament_python' and name 'warehouse_world'
[1.113s] Level 1:colcon.colcon_core.package_discovery:discover_packages(recursive) using defaults
[1.113s] Level 1:colcon.colcon_core.package_discovery:discover_packages(ignore) discover
[1.114s] Level 1:colcon.colcon_core.package_discovery:discover_packages(ignore) using defaults
[1.114s] Level 1:colcon.colcon_core.package_discovery:discover_packages(path) discover
[1.114s] Level 1:colcon.colcon_core.package_discovery:discover_packages(path) using defaults
[1.201s] Level 1:colcon.colcon_core.package_discovery:discover_packages(prefix_path) check parameters
[1.202s] Level 1:colcon.colcon_core.package_discovery:discover_packages(prefix_path) discover
[1.210s] DEBUG:colcon.colcon_installed_package_information.package_discovery:Found 2 installed packages in /home/shruti/intelligent_robotics/install
[1.220s] DEBUG:colcon.colcon_installed_package_information.package_discovery:Found 496 installed packages in /opt/ros/jazzy
[1.227s] Level 1:colcon.colcon_core.package_discovery:discover_packages(prefix_path) using defaults
[1.420s] Level 5:colcon.colcon_core.verb:set package 'warehouse_robot' build argument 'cmake_args' from command line to 'None'
[1.420s] Level 5:colcon.colcon_core.verb:set package 'warehouse_robot' build argument 'cmake_target' from command line to 'None'
[1.420s] Level 5:colcon.colcon_core.verb:set package 'warehouse_robot' build argument 'cmake_target_skip_unavailable' from command line to 'False'
[1.420s] Level 5:colcon.colcon_core.verb:set package 'warehouse_robot' build argument 'cmake_clean_cache' from command line to 'False'
[1.420s] Level 5:colcon.colcon_core.verb:set package 'warehouse_robot' build argument 'cmake_clean_first' from command line to 'False'
[1.420s] Level 5:colcon.colcon_core.verb:set package 'warehouse_robot' build argument 'cmake_force_configure' from command line to 'False'
[1.420s] Level 5:colcon.colcon_core.verb:set package 'warehouse_robot' build argument 'ament_cmake_args' from command line to 'None'
[1.420s] Level 5:colcon.colcon_core.verb:set package 'warehouse_robot' build argument 'catkin_cmake_args' from command line to 'None'
[1.421s] Level 5:colcon.colcon_core.verb:set package 'warehouse_robot' build argument 'catkin_skip_building_tests' from command line to 'False'
[1.421s] DEBUG:colcon.colcon_core.verb:Building package 'warehouse_robot' with the following arguments: {'ament_cmake_args': None, 'build_base': '/home/shruti/intelligent_robotics/build/warehouse_robot', 'catkin_cmake_args': None, 'catkin_skip_building_tests': False, 'cmake_args': None, 'cmake_clean_cache': False, 'cmake_clean_first': False, 'cmake_force_configure': False, 'cmake_target': None, 'cmake_target_skip_unavailable': False, 'install_base': '/home/shruti/intelligent_robotics/install/warehouse_robot', 'merge_install': False, 'path': '/home/shruti/intelligent_robotics/src/warehouse_robot', 'symlink_install': True, 'test_result_base': None}
[1.421s] Level 5:colcon.colcon_core.verb:set package 'warehouse_world' build argument 'cmake_args' from command line to 'None'
[1.422s] Level 5:colcon.colcon_core.verb:set package 'warehouse_world' build argument 'cmake_target' from command line to 'None'
[1.422s] Level 5:colcon.colcon_core.verb:set package 'warehouse_world' build argument 'cmake_target_skip_unavailable' from command line to 'False'
[1.422s] Level 5:colcon.colcon_core.verb:set package 'warehouse_world' build argument 'cmake_clean_cache' from command line to 'False'
[1.422s] Level 5:colcon.colcon_core.verb:set package 'warehouse_world' build argument 'cmake_clean_first' from command line to 'False'
[1.422s] Level 5:colcon.colcon_core.verb:set package 'warehouse_world' build argument 'cmake_force_configure' from command line to 'False'
[1.422s] Level 5:colcon.colcon_core.verb:set package 'warehouse_world' build argument 'ament_cmake_args' from command line to 'None'
[1.422s] Level 5:colcon.colcon_core.verb:set package 'warehouse_world' build argument 'catkin_cmake_args' from command line to 'None'
[1.422s] Level 5:colcon.colcon_core.verb:set package 'warehouse_world' build argument 'catkin_skip_building_tests' from command line to 'False'
[1.422s] DEBUG:colcon.colcon_core.verb:Building package 'warehouse_world' with the following arguments: {'ament_cmake_args': None, 'build_base': '/home/shruti/intelligent_robotics/build/warehouse_world', 'catkin_cmake_args': None, 'catkin_skip_building_tests': False, 'cmake_args': None, 'cmake_clean_cache': False, 'cmake_clean_first': False, 'cmake_force_configure': False, 'cmake_target': None, 'cmake_target_skip_unavailable': False, 'install_base': '/home/shruti/intelligent_robotics/install/warehouse_world', 'merge_install': False, 'path': '/home/shruti/intelligent_robotics/src/warehouse_world', 'symlink_install': True, 'test_result_base': None}
[1.423s] INFO:colcon.colcon_core.executor:Executing jobs using 'parallel' executor
[1.425s] DEBUG:colcon.colcon_parallel_executor.executor.parallel:run_until_complete
[1.426s] INFO:colcon.colcon_ros.task.ament_python.build:Building ROS package in '/home/shruti/intelligent_robotics/src/warehouse_robot' with build type 'ament_python'
[1.426s] Level 1:colcon.colcon_core.shell:create_environment_hook('warehouse_robot', 'ament_prefix_path')
[1.432s] INFO:colcon.colcon_core.plugin_system:Skipping extension 'colcon_core.shell.bat': Not used on non-Windows systems
[1.432s] INFO:colcon.colcon_core.shell:Creating environment hook '/home/shruti/intelligent_robotics/install/warehouse_robot/share/warehouse_robot/hook/ament_prefix_path.ps1'
[1.434s] INFO:colcon.colcon_core.shell:Creating environment descriptor '/home/shruti/intelligent_robotics/install/warehouse_robot/share/warehouse_robot/hook/ament_prefix_path.dsv'
[1.438s] INFO:colcon.colcon_core.shell:Creating environment hook '/home/shruti/intelligent_robotics/install/warehouse_robot/share/warehouse_robot/hook/ament_prefix_path.sh'
[1.440s] INFO:colcon.colcon_core.shell:Skip shell extension 'powershell' for command environment: Not usable outside of PowerShell
[1.440s] DEBUG:colcon.colcon_core.shell:Skip shell extension 'dsv' for command environment
[1.451s] INFO:colcon.colcon_ros.task.ament_python.build:Building ROS package in '/home/shruti/intelligent_robotics/src/warehouse_world' with build type 'ament_python'
[1.452s] Level 1:colcon.colcon_core.shell:create_environment_hook('warehouse_world', 'ament_prefix_path')
[1.452s] INFO:colcon.colcon_core.shell:Creating environment hook '/home/shruti/intelligent_robotics/install/warehouse_world/share/warehouse_world/hook/ament_prefix_path.ps1'
[1.453s] INFO:colcon.colcon_core.shell:Creating environment descriptor '/home/shruti/intelligent_robotics/install/warehouse_world/share/warehouse_world/hook/ament_prefix_path.dsv'
[1.454s] INFO:colcon.colcon_core.shell:Creating environment hook '/home/shruti/intelligent_robotics/install/warehouse_world/share/warehouse_world/hook/ament_prefix_path.sh'
[1.456s] INFO:colcon.colcon_core.shell:Skip shell extension 'powershell' for command environment: Not usable outside of PowerShell
[1.456s] DEBUG:colcon.colcon_core.shell:Skip shell extension 'dsv' for command environment
[2.216s] INFO:colcon.colcon_core.task.python.build:Building Python package in '/home/shruti/intelligent_robotics/src/warehouse_robot'
[2.217s] INFO:colcon.colcon_core.shell:Skip shell extension 'powershell' for command environment: Not usable outside of PowerShell
[2.217s] DEBUG:colcon.colcon_core.shell:Skip shell extension 'dsv' for command environment
[3.255s] INFO:colcon.colcon_core.task.python.build:Building Python package in '/home/shruti/intelligent_robotics/src/warehouse_world'
[3.255s] INFO:colcon.colcon_core.shell:Skip shell extension 'powershell' for command environment: Not usable outside of PowerShell
[3.255s] DEBUG:colcon.colcon_core.shell:Skip shell extension 'dsv' for command environment
[5.756s] DEBUG:colcon.colcon_core.event_handler.log_command:Invoking command in '/home/shruti/intelligent_robotics/build/warehouse_robot': PYTHONPATH=/home/shruti/intelligent_robotics/build/warehouse_robot/prefix_override:/usr/lib/python3/dist-packages/colcon_core/task/python/colcon_distutils_commands:/home/shruti/intelligent_robotics/install/warehouse_robot/lib/python3.12/site-packages:${PYTHONPATH} /usr/bin/python3 -W ignore:setup.py install is deprecated -W ignore:easy_install command is deprecated setup.py develop --editable --build-directory /home/shruti/intelligent_robotics/build/warehouse_robot/build --no-deps symlink_data
[5.827s] DEBUG:colcon.colcon_core.event_handler.log_command:Invoking command in '/home/shruti/intelligent_robotics/build/warehouse_world': PYTHONPATH=/home/shruti/intelligent_robotics/build/warehouse_world/prefix_override:/usr/lib/python3/dist-packages/colcon_core/task/python/colcon_distutils_commands:/home/shruti/intelligent_robotics/install/warehouse_world/lib/python3.12/site-packages:${PYTHONPATH} /usr/bin/python3 -W ignore:setup.py install is deprecated -W ignore:easy_install command is deprecated setup.py develop --editable --build-directory /home/shruti/intelligent_robotics/build/warehouse_world/build --no-deps symlink_data
[7.032s] Level 1:colcon.colcon_core.shell:create_environment_hook('warehouse_robot', 'pythonpath_develop')
[7.033s] INFO:colcon.colcon_core.shell:Creating environment hook '/home/shruti/intelligent_robotics/build/warehouse_robot/share/warehouse_robot/hook/pythonpath_develop.ps1'
[7.035s] DEBUG:colcon.colcon_core.event_handler.log_command:Invoked command in '/home/shruti/intelligent_robotics/build/warehouse_robot' returned '0': PYTHONPATH=/home/shruti/intelligent_robotics/build/warehouse_robot/prefix_override:/usr/lib/python3/dist-packages/colcon_core/task/python/colcon_distutils_commands:/home/shruti/intelligent_robotics/install/warehouse_robot/lib/python3.12/site-packages:${PYTHONPATH} /usr/bin/python3 -W ignore:setup.py install is deprecated -W ignore:easy_install command is deprecated setup.py develop --editable --build-directory /home/shruti/intelligent_robotics/build/warehouse_robot/build --no-deps symlink_data
[7.035s] INFO:colcon.colcon_core.shell:Creating environment descriptor '/home/shruti/intelligent_robotics/build/warehouse_robot/share/warehouse_robot/hook/pythonpath_develop.dsv'
[7.036s] INFO:colcon.colcon_core.shell:Creating environment hook '/home/shruti/intelligent_robotics/build/warehouse_robot/share/warehouse_robot/hook/pythonpath_develop.sh'
[7.043s] Level 1:colcon.colcon_core.environment:checking '/home/shruti/intelligent_robotics/install/warehouse_robot' for CMake module files
[7.073s] Level 1:colcon.colcon_core.environment:checking '/home/shruti/intelligent_robotics/install/warehouse_robot' for CMake config files
[7.073s] Level 1:colcon.colcon_core.environment:checking '/home/shruti/intelligent_robotics/install/warehouse_robot/lib'
[7.074s] Level 1:colcon.colcon_core.environment:checking '/home/shruti/intelligent_robotics/install/warehouse_robot/bin'
[7.074s] Level 1:colcon.colcon_core.environment:checking '/home/shruti/intelligent_robotics/install/warehouse_robot/lib/pkgconfig/warehouse_robot.pc'
[7.074s] Level 1:colcon.colcon_core.environment:checking '/home/shruti/intelligent_robotics/install/warehouse_robot/lib/python3.12/site-packages'
[7.075s] Level 1:colcon.colcon_core.shell:create_environment_hook('warehouse_robot', 'pythonpath')
[7.075s] INFO:colcon.colcon_core.shell:Creating environment hook '/home/shruti/intelligent_robotics/install/warehouse_robot/share/warehouse_robot/hook/pythonpath.ps1'
[7.076s] INFO:colcon.colcon_core.shell:Creating environment descriptor '/home/shruti/intelligent_robotics/install/warehouse_robot/share/warehouse_robot/hook/pythonpath.dsv'
[7.077s] INFO:colcon.colcon_core.shell:Creating environment hook '/home/shruti/intelligent_robotics/install/warehouse_robot/share/warehouse_robot/hook/pythonpath.sh'
[7.079s] Level 1:colcon.colcon_core.environment:checking '/home/shruti/intelligent_robotics/install/warehouse_robot/bin'
[7.079s] Level 1:colcon.colcon_core.environment:create_environment_scripts_only(warehouse_robot)
[7.080s] INFO:colcon.colcon_core.shell:Creating package script '/home/shruti/intelligent_robotics/install/warehouse_robot/share/warehouse_robot/package.ps1'
[7.083s] INFO:colcon.colcon_core.shell:Creating package descriptor '/home/shruti/intelligent_robotics/install/warehouse_robot/share/warehouse_robot/package.dsv'
[7.084s] INFO:colcon.colcon_core.shell:Creating package script '/home/shruti/intelligent_robotics/install/warehouse_robot/share/warehouse_robot/package.sh'
[7.085s] INFO:colcon.colcon_core.shell:Creating package script '/home/shruti/intelligent_robotics/install/warehouse_robot/share/warehouse_robot/package.bash'
[7.087s] INFO:colcon.colcon_core.shell:Creating package script '/home/shruti/intelligent_robotics/install/warehouse_robot/share/warehouse_robot/package.zsh'
[7.088s] Level 1:colcon.colcon_core.environment:create_file_with_runtime_dependencies(/home/shruti/intelligent_robotics/install/warehouse_robot/share/colcon-core/packages/warehouse_robot)
[7.169s] Level 1:colcon.colcon_core.shell:create_environment_hook('warehouse_world', 'pythonpath_develop')
[7.171s] INFO:colcon.colcon_core.shell:Creating environment hook '/home/shruti/intelligent_robotics/build/warehouse_world/share/warehouse_world/hook/pythonpath_develop.ps1'
[7.172s] DEBUG:colcon.colcon_core.event_handler.log_command:Invoked command in '/home/shruti/intelligent_robotics/build/warehouse_world' returned '0': PYTHONPATH=/home/shruti/intelligent_robotics/build/warehouse_world/prefix_override:/usr/lib/python3/dist-packages/colcon_core/task/python/colcon_distutils_commands:/home/shruti/intelligent_robotics/install/warehouse_world/lib/python3.12/site-packages:${PYTHONPATH} /usr/bin/python3 -W ignore:setup.py install is deprecated -W ignore:easy_install command is deprecated setup.py develop --editable --build-directory /home/shruti/intelligent_robotics/build/warehouse_world/build --no-deps symlink_data
[7.173s] INFO:colcon.colcon_core.shell:Creating environment descriptor '/home/shruti/intelligent_robotics/build/warehouse_world/share/warehouse_world/hook/pythonpath_develop.dsv'
[7.174s] INFO:colcon.colcon_core.shell:Creating environment hook '/home/shruti/intelligent_robotics/build/warehouse_world/share/warehouse_world/hook/pythonpath_develop.sh'
[7.176s] Level 1:colcon.colcon_core.environment:checking '/home/shruti/intelligent_robotics/install/warehouse_world' for CMake module files
[7.177s] Level 1:colcon.colcon_core.environment:checking '/home/shruti/intelligent_robotics/install/warehouse_world' for CMake config files
[7.179s] Level 1:colcon.colcon_core.environment:checking '/home/shruti/intelligent_robotics/install/warehouse_world/lib'
[7.179s] Level 1:colcon.colcon_core.environment:checking '/home/shruti/intelligent_robotics/install/warehouse_world/bin'
[7.180s] Level 1:colcon.colcon_core.environment:checking '/home/shruti/intelligent_robotics/install/warehouse_world/lib/pkgconfig/warehouse_world.pc'
[7.180s] Level 1:colcon.colcon_core.environment:checking '/home/shruti/intelligent_robotics/install/warehouse_world/lib/python3.12/site-packages'
[7.181s] Level 1:colcon.colcon_core.shell:create_environment_hook('warehouse_world', 'pythonpath')
[7.181s] INFO:colcon.colcon_core.shell:Creating environment hook '/home/shruti/intelligent_robotics/install/warehouse_world/share/warehouse_world/hook/pythonpath.ps1'
[7.183s] INFO:colcon.colcon_core.shell:Creating environment descriptor '/home/shruti/intelligent_robotics/install/warehouse_world/share/warehouse_world/hook/pythonpath.dsv'
[7.184s] INFO:colcon.colcon_core.shell:Creating environment hook '/home/shruti/intelligent_robotics/install/warehouse_world/share/warehouse_world/hook/pythonpath.sh'
[7.186s] Level 1:colcon.colcon_core.environment:checking '/home/shruti/intelligent_robotics/install/warehouse_world/bin'
[7.186s] Level 1:colcon.colcon_core.environment:create_environment_scripts_only(warehouse_world)
[7.187s] INFO:colcon.colcon_core.shell:Creating package script '/home/shruti/intelligent_robotics/install/warehouse_world/share/warehouse_world/package.ps1'
[7.190s] INFO:colcon.colcon_core.shell:Creating package descriptor '/home/shruti/intelligent_robotics/install/warehouse_world/share/warehouse_world/package.dsv'
[7.193s] INFO:colcon.colcon_core.shell:Creating package script '/home/shruti/intelligent_robotics/install/warehouse_world/share/warehouse_world/package.sh'
[7.197s] INFO:colcon.colcon_core.shell:Creating package script '/home/shruti/intelligent_robotics/install/warehouse_world/share/warehouse_world/package.bash'
[7.202s] INFO:colcon.colcon_core.shell:Creating package script '/home/shruti/intelligent_robotics/install/warehouse_world/share/warehouse_world/package.zsh'
[7.202s] Level 1:colcon.colcon_core.environment:create_file_with_runtime_dependencies(/home/shruti/intelligent_robotics/install/warehouse_world/share/colcon-core/packages/warehouse_world)
[7.203s] DEBUG:colcon.colcon_parallel_executor.executor.parallel:closing loop
[7.204s] DEBUG:colcon.colcon_parallel_executor.executor.parallel:loop closed
[7.204s] DEBUG:colcon.colcon_parallel_executor.executor.parallel:run_until_complete finished with '0'
[7.204s] DEBUG:colcon.colcon_core.event_reactor:joining thread
[7.390s] INFO:colcon.colcon_core.plugin_system:Skipping extension 'colcon_notification.desktop_notification.notify_send': Could not find 'notify-send'
[7.390s] INFO:colcon.colcon_core.plugin_system:Skipping extension 'colcon_notification.desktop_notification.terminal_notifier': Not used on non-Darwin systems
[7.390s] INFO:colcon.colcon_core.plugin_system:Skipping extension 'colcon_notification.desktop_notification.win32': Not used on non-Windows systems
[7.391s] INFO:colcon.colcon_notification.desktop_notification:Sending desktop notification using 'notify2'
[7.392s] DEBUG:colcon.colcon_notification.desktop_notification.notify2:Failed to initialize notify2: org.freedesktop.DBus.Error.ServiceUnknown: The name org.freedesktop.Notifications was not provided by any .service files
[7.393s] DEBUG:colcon.colcon_core.event_reactor:joined thread
[7.393s] INFO:colcon.colcon_core.shell:Creating prefix script '/home/shruti/intelligent_robotics/install/local_setup.ps1'
[7.395s] INFO:colcon.colcon_core.shell:Creating prefix util module '/home/shruti/intelligent_robotics/install/_local_setup_util_ps1.py'
[7.397s] INFO:colcon.colcon_core.shell:Creating prefix chain script '/home/shruti/intelligent_robotics/install/setup.ps1'
[7.398s] INFO:colcon.colcon_core.shell:Creating prefix script '/home/shruti/intelligent_robotics/install/local_setup.sh'
[7.400s] INFO:colcon.colcon_core.shell:Creating prefix util module '/home/shruti/intelligent_robotics/install/_local_setup_util_sh.py'
[7.401s] INFO:colcon.colcon_core.shell:Creating prefix chain script '/home/shruti/intelligent_robotics/install/setup.sh'
[7.402s] INFO:colcon.colcon_core.shell:Creating prefix script '/home/shruti/intelligent_robotics/install/local_setup.bash'
[7.403s] INFO:colcon.colcon_core.shell:Creating prefix chain script '/home/shruti/intelligent_robotics/install/setup.bash'
[7.405s] INFO:colcon.colcon_core.shell:Creating prefix script '/home/shruti/intelligent_robotics/install/local_setup.zsh'
[7.405s] INFO:colcon.colcon_core.shell:Creating prefix chain script '/home/shruti/intelligent_robotics/install/setup.zsh'
