[3.305s] Invoking command in '/home/shruti/intelligent_robotics/src/warehouse_robot': PYTHONPATH=/home/shruti/intelligent_robotics/build/warehouse_robot/prefix_override:/usr/lib/python3/dist-packages/colcon_core/task/python/colcon_distutils_commands:/home/shruti/intelligent_robotics/install/warehouse_robot/lib/python3.12/site-packages:${PYTHONPATH} /usr/bin/python3 -W ignore:setup.py install is deprecated -W ignore:easy_install command is deprecated setup.py egg_info --egg-base ../../build/warehouse_robot build --build-base /home/shruti/intelligent_robotics/build/warehouse_robot/build install --record /home/shruti/intelligent_robotics/build/warehouse_robot/install.log --single-version-externally-managed install_data
[4.400s] running egg_info
[4.402s] creating ../../build/warehouse_robot/warehouse_robot.egg-info
[4.550s] writing ../../build/warehouse_robot/warehouse_robot.egg-info/PKG-INFO
[4.555s] writing dependency_links to ../../build/warehouse_robot/warehouse_robot.egg-info/dependency_links.txt
[4.557s] writing entry points to ../../build/warehouse_robot/warehouse_robot.egg-info/entry_points.txt
[4.559s] writing requirements to ../../build/warehouse_robot/warehouse_robot.egg-info/requires.txt
[4.559s] writing top-level names to ../../build/warehouse_robot/warehouse_robot.egg-info/top_level.txt
[4.560s] writing manifest file '../../build/warehouse_robot/warehouse_robot.egg-info/SOURCES.txt'
[4.748s] reading manifest file '../../build/warehouse_robot/warehouse_robot.egg-info/SOURCES.txt'
[4.754s] writing manifest file '../../build/warehouse_robot/warehouse_robot.egg-info/SOURCES.txt'
[4.755s] running build
[4.755s] running build_py
[4.755s] creating /home/shruti/intelligent_robotics/build/warehouse_robot/build
[4.757s] creating /home/shruti/intelligent_robotics/build/warehouse_robot/build/lib
[4.757s] creating /home/shruti/intelligent_robotics/build/warehouse_robot/build/lib/warehouse_robot
[4.757s] copying warehouse_robot/mission_manager.py -> /home/shruti/intelligent_robotics/build/warehouse_robot/build/lib/warehouse_robot
[4.758s] copying warehouse_robot/robot_controller.py -> /home/shruti/intelligent_robotics/build/warehouse_robot/build/lib/warehouse_robot
[4.758s] copying warehouse_robot/__init__.py -> /home/shruti/intelligent_robotics/build/warehouse_robot/build/lib/warehouse_robot
[4.758s] copying warehouse_robot/map_odom_tf_publisher.py -> /home/shruti/intelligent_robotics/build/warehouse_robot/build/lib/warehouse_robot
[4.758s] copying warehouse_robot/odom_tf_publisher.py -> /home/shruti/intelligent_robotics/build/warehouse_robot/build/lib/warehouse_robot
[4.758s] copying warehouse_robot/static_map_publisher.py -> /home/shruti/intelligent_robotics/build/warehouse_robot/build/lib/warehouse_robot
[4.758s] copying warehouse_robot/path_planner.py -> /home/shruti/intelligent_robotics/build/warehouse_robot/build/lib/warehouse_robot
[4.758s] running install
[4.796s] running install_lib
[4.891s] creating /home/shruti/intelligent_robotics/install/warehouse_robot/lib/python3.12/site-packages/warehouse_robot
[4.895s] copying /home/shruti/intelligent_robotics/build/warehouse_robot/build/lib/warehouse_robot/mission_manager.py -> /home/shruti/intelligent_robotics/install/warehouse_robot/lib/python3.12/site-packages/warehouse_robot
[4.896s] copying /home/shruti/intelligent_robotics/build/warehouse_robot/build/lib/warehouse_robot/robot_controller.py -> /home/shruti/intelligent_robotics/install/warehouse_robot/lib/python3.12/site-packages/warehouse_robot
[4.897s] copying /home/shruti/intelligent_robotics/build/warehouse_robot/build/lib/warehouse_robot/__init__.py -> /home/shruti/intelligent_robotics/install/warehouse_robot/lib/python3.12/site-packages/warehouse_robot
[4.899s] copying /home/shruti/intelligent_robotics/build/warehouse_robot/build/lib/warehouse_robot/map_odom_tf_publisher.py -> /home/shruti/intelligent_robotics/install/warehouse_robot/lib/python3.12/site-packages/warehouse_robot
[4.899s] copying /home/shruti/intelligent_robotics/build/warehouse_robot/build/lib/warehouse_robot/odom_tf_publisher.py -> /home/shruti/intelligent_robotics/install/warehouse_robot/lib/python3.12/site-packages/warehouse_robot
[4.899s] copying /home/shruti/intelligent_robotics/build/warehouse_robot/build/lib/warehouse_robot/static_map_publisher.py -> /home/shruti/intelligent_robotics/install/warehouse_robot/lib/python3.12/site-packages/warehouse_robot
[4.899s] copying /home/shruti/intelligent_robotics/build/warehouse_robot/build/lib/warehouse_robot/path_planner.py -> /home/shruti/intelligent_robotics/install/warehouse_robot/lib/python3.12/site-packages/warehouse_robot
[4.899s] byte-compiling /home/shruti/intelligent_robotics/install/warehouse_robot/lib/python3.12/site-packages/warehouse_robot/mission_manager.py to mission_manager.cpython-312.pyc
[4.910s] byte-compiling /home/shruti/intelligent_robotics/install/warehouse_robot/lib/python3.12/site-packages/warehouse_robot/robot_controller.py to robot_controller.cpython-312.pyc
[4.924s] byte-compiling /home/shruti/intelligent_robotics/install/warehouse_robot/lib/python3.12/site-packages/warehouse_robot/__init__.py to __init__.cpython-312.pyc
[4.924s] byte-compiling /home/shruti/intelligent_robotics/install/warehouse_robot/lib/python3.12/site-packages/warehouse_robot/map_odom_tf_publisher.py to map_odom_tf_publisher.cpython-312.pyc
[4.929s] byte-compiling /home/shruti/intelligent_robotics/install/warehouse_robot/lib/python3.12/site-packages/warehouse_robot/odom_tf_publisher.py to odom_tf_publisher.cpython-312.pyc
[4.932s] byte-compiling /home/shruti/intelligent_robotics/install/warehouse_robot/lib/python3.12/site-packages/warehouse_robot/static_map_publisher.py to static_map_publisher.cpython-312.pyc
[4.939s] byte-compiling /home/shruti/intelligent_robotics/install/warehouse_robot/lib/python3.12/site-packages/warehouse_robot/path_planner.py to path_planner.cpython-312.pyc
[4.953s] running install_data
[4.953s] creating /home/shruti/intelligent_robotics/install/warehouse_robot/share/ament_index
[4.954s] creating /home/shruti/intelligent_robotics/install/warehouse_robot/share/ament_index/resource_index
[4.954s] creating /home/shruti/intelligent_robotics/install/warehouse_robot/share/ament_index/resource_index/packages
[4.954s] copying resource/warehouse_robot -> /home/shruti/intelligent_robotics/install/warehouse_robot/share/ament_index/resource_index/packages
[4.955s] copying package.xml -> /home/shruti/intelligent_robotics/install/warehouse_robot/share/warehouse_robot
[4.955s] creating /home/shruti/intelligent_robotics/install/warehouse_robot/share/warehouse_robot/launch
[4.956s] copying launch/spawn_robot.launch.py -> /home/shruti/intelligent_robotics/install/warehouse_robot/share/warehouse_robot/launch
[4.956s] creating /home/shruti/intelligent_robotics/install/warehouse_robot/share/warehouse_robot/urdf
[4.956s] copying urdf/warehouse_amr.urdf -> /home/shruti/intelligent_robotics/install/warehouse_robot/share/warehouse_robot/urdf
[4.957s] running install_egg_info
[5.048s] Copying ../../build/warehouse_robot/warehouse_robot.egg-info to /home/shruti/intelligent_robotics/install/warehouse_robot/lib/python3.12/site-packages/warehouse_robot-0.0.0-py3.12.egg-info
[5.054s] running install_scripts
[5.690s] Installing map_odom_tf_publisher script to /home/shruti/intelligent_robotics/install/warehouse_robot/lib/warehouse_robot
[5.691s] Installing mission_manager script to /home/shruti/intelligent_robotics/install/warehouse_robot/lib/warehouse_robot
[5.692s] Installing odom_tf_publisher script to /home/shruti/intelligent_robotics/install/warehouse_robot/lib/warehouse_robot
[5.694s] Installing path_planner script to /home/shruti/intelligent_robotics/install/warehouse_robot/lib/warehouse_robot
[5.695s] Installing robot_controller script to /home/shruti/intelligent_robotics/install/warehouse_robot/lib/warehouse_robot
[5.696s] Installing static_map_publisher script to /home/shruti/intelligent_robotics/install/warehouse_robot/lib/warehouse_robot
[5.698s] writing list of installed files to '/home/shruti/intelligent_robotics/build/warehouse_robot/install.log'
[5.781s] Invoked command in '/home/shruti/intelligent_robotics/src/warehouse_robot' returned '0': PYTHONPATH=/home/shruti/intelligent_robotics/build/warehouse_robot/prefix_override:/usr/lib/python3/dist-packages/colcon_core/task/python/colcon_distutils_commands:/home/shruti/intelligent_robotics/install/warehouse_robot/lib/python3.12/site-packages:${PYTHONPATH} /usr/bin/python3 -W ignore:setup.py install is deprecated -W ignore:easy_install command is deprecated setup.py egg_info --egg-base ../../build/warehouse_robot build --build-base /home/shruti/intelligent_robotics/build/warehouse_robot/build install --record /home/shruti/intelligent_robotics/build/warehouse_robot/install.log --single-version-externally-managed install_data
