[0.658s] Invoking command in '/home/shruti/intelligent_robotics/build/warehouse_robot': PYTHONPATH=/home/shruti/intelligent_robotics/build/warehouse_robot/prefix_override:/usr/lib/python3/dist-packages/colcon_core/task/python/colcon_distutils_commands:/home/shruti/intelligent_robotics/install/warehouse_robot/lib/python3.12/site-packages:${PYTHONPATH} /usr/bin/python3 -W ignore:setup.py install is deprecated -W ignore:easy_install command is deprecated setup.py develop --editable --build-directory /home/shruti/intelligent_robotics/build/warehouse_robot/build --no-deps symlink_data --force
[0.860s] running develop
[1.007s] running egg_info
[1.020s] writing warehouse_robot.egg-info/PKG-INFO
[1.020s] writing dependency_links to warehouse_robot.egg-info/dependency_links.txt
[1.020s] writing entry points to warehouse_robot.egg-info/entry_points.txt
[1.020s] writing requirements to warehouse_robot.egg-info/requires.txt
[1.020s] writing top-level names to warehouse_robot.egg-info/top_level.txt
[1.044s] reading manifest file 'warehouse_robot.egg-info/SOURCES.txt'
[1.044s] writing manifest file 'warehouse_robot.egg-info/SOURCES.txt'
[1.057s] running build_ext
[1.057s] Creating /home/shruti/intelligent_robotics/install/warehouse_robot/lib/python3.12/site-packages/warehouse-robot.egg-link (link to .)
[1.058s] Installing path_planner script to /home/shruti/intelligent_robotics/install/warehouse_robot/lib/warehouse_robot
[1.058s] Installing robot_controller script to /home/shruti/intelligent_robotics/install/warehouse_robot/lib/warehouse_robot
[1.058s] 
[1.058s] Installed /home/shruti/intelligent_robotics/build/warehouse_robot
[1.058s] running symlink_data
[1.058s] symbolically linking /home/shruti/intelligent_robotics/build/warehouse_robot/resource/warehouse_robot -> /home/shruti/intelligent_robotics/install/warehouse_robot/share/ament_index/resource_index/packages
[1.058s] symbolically linking /home/shruti/intelligent_robotics/build/warehouse_robot/package.xml -> /home/shruti/intelligent_robotics/install/warehouse_robot/share/warehouse_robot
[1.059s] symbolically linking /home/shruti/intelligent_robotics/build/warehouse_robot/launch/spawn_robot.launch.py -> /home/shruti/intelligent_robotics/install/warehouse_robot/share/warehouse_robot/launch
[1.059s] symbolically linking /home/shruti/intelligent_robotics/build/warehouse_robot/urdf/warehouse_amr.urdf -> /home/shruti/intelligent_robotics/install/warehouse_robot/share/warehouse_robot/urdf
[1.081s] Invoked command in '/home/shruti/intelligent_robotics/build/warehouse_robot' returned '0': PYTHONPATH=/home/shruti/intelligent_robotics/build/warehouse_robot/prefix_override:/usr/lib/python3/dist-packages/colcon_core/task/python/colcon_distutils_commands:/home/shruti/intelligent_robotics/install/warehouse_robot/lib/python3.12/site-packages:${PYTHONPATH} /usr/bin/python3 -W ignore:setup.py install is deprecated -W ignore:easy_install command is deprecated setup.py develop --editable --build-directory /home/shruti/intelligent_robotics/build/warehouse_robot/build --no-deps symlink_data --force
