running develop
running egg_info
creating warehouse_robot.egg-info
writing warehouse_robot.egg-info/PKG-INFO
writing dependency_links to warehouse_robot.egg-info/dependency_links.txt
writing requirements to warehouse_robot.egg-info/requires.txt
writing top-level names to warehouse_robot.egg-info/top_level.txt
writing manifest file 'warehouse_robot.egg-info/SOURCES.txt'
reading manifest file 'warehouse_robot.egg-info/SOURCES.txt'
writing manifest file 'warehouse_robot.egg-info/SOURCES.txt'
running build_ext
Creating /home/shruti/warehouse_ws/install/warehouse_robot/lib/python3.12/site-packages/warehouse-robot.egg-link (link to .)

Installed /home/shruti/warehouse_ws/build/warehouse_robot
running symlink_data
creating /home/shruti/warehouse_ws/install/warehouse_robot/share/ament_index
creating /home/shruti/warehouse_ws/install/warehouse_robot/share/ament_index/resource_index
creating /home/shruti/warehouse_ws/install/warehouse_robot/share/ament_index/resource_index/packages
symbolically linking /home/shruti/warehouse_ws/build/warehouse_robot/resource/warehouse_robot -> /home/shruti/warehouse_ws/install/warehouse_robot/share/ament_index/resource_index/packages
symbolically linking /home/shruti/warehouse_ws/build/warehouse_robot/package.xml -> /home/shruti/warehouse_ws/install/warehouse_robot/share/warehouse_robot
creating /home/shruti/warehouse_ws/install/warehouse_robot/share/warehouse_robot/launch
symbolically linking /home/shruti/warehouse_ws/build/warehouse_robot/launch/spawn_robot.launch.py -> /home/shruti/warehouse_ws/install/warehouse_robot/share/warehouse_robot/launch
creating /home/shruti/warehouse_ws/install/warehouse_robot/share/warehouse_robot/urdf
symbolically linking /home/shruti/warehouse_ws/build/warehouse_robot/urdf/warehouse_amr.urdf -> /home/shruti/warehouse_ws/install/warehouse_robot/share/warehouse_robot/urdf
