[0.832s] Invoking command in '/home/shruti/warehouse_ws/build/warehouse_robot': PYTHONPATH=/home/shruti/warehouse_ws/build/warehouse_robot/prefix_override:/usr/lib/python3/dist-packages/colcon_core/task/python/colcon_distutils_commands:/home/shruti/warehouse_ws/install/warehouse_robot/lib/python3.12/site-packages:${PYTHONPATH} /usr/bin/python3 -W ignore:setup.py install is deprecated -W ignore:easy_install command is deprecated setup.py develop --editable --build-directory /home/shruti/warehouse_ws/build/warehouse_robot/build --no-deps symlink_data
[1.014s] running develop
[1.122s] running egg_info
[1.122s] creating warehouse_robot.egg-info
[1.133s] writing warehouse_robot.egg-info/PKG-INFO
[1.133s] writing dependency_links to warehouse_robot.egg-info/dependency_links.txt
[1.133s] writing requirements to warehouse_robot.egg-info/requires.txt
[1.133s] writing top-level names to warehouse_robot.egg-info/top_level.txt
[1.133s] writing manifest file 'warehouse_robot.egg-info/SOURCES.txt'
[1.155s] reading manifest file 'warehouse_robot.egg-info/SOURCES.txt'
[1.155s] writing manifest file 'warehouse_robot.egg-info/SOURCES.txt'
[1.167s] running build_ext
[1.167s] Creating /home/shruti/warehouse_ws/install/warehouse_robot/lib/python3.12/site-packages/warehouse-robot.egg-link (link to .)
[1.167s] 
[1.167s] Installed /home/shruti/warehouse_ws/build/warehouse_robot
[1.167s] running symlink_data
[1.167s] creating /home/shruti/warehouse_ws/install/warehouse_robot/share/ament_index
[1.167s] creating /home/shruti/warehouse_ws/install/warehouse_robot/share/ament_index/resource_index
[1.167s] creating /home/shruti/warehouse_ws/install/warehouse_robot/share/ament_index/resource_index/packages
[1.168s] symbolically linking /home/shruti/warehouse_ws/build/warehouse_robot/resource/warehouse_robot -> /home/shruti/warehouse_ws/install/warehouse_robot/share/ament_index/resource_index/packages
[1.168s] symbolically linking /home/shruti/warehouse_ws/build/warehouse_robot/package.xml -> /home/shruti/warehouse_ws/install/warehouse_robot/share/warehouse_robot
[1.168s] creating /home/shruti/warehouse_ws/install/warehouse_robot/share/warehouse_robot/launch
[1.168s] symbolically linking /home/shruti/warehouse_ws/build/warehouse_robot/launch/spawn_robot.launch.py -> /home/shruti/warehouse_ws/install/warehouse_robot/share/warehouse_robot/launch
[1.168s] creating /home/shruti/warehouse_ws/install/warehouse_robot/share/warehouse_robot/urdf
[1.168s] symbolically linking /home/shruti/warehouse_ws/build/warehouse_robot/urdf/warehouse_amr.urdf -> /home/shruti/warehouse_ws/install/warehouse_robot/share/warehouse_robot/urdf
[1.189s] Invoked command in '/home/shruti/warehouse_ws/build/warehouse_robot' returned '0': PYTHONPATH=/home/shruti/warehouse_ws/build/warehouse_robot/prefix_override:/usr/lib/python3/dist-packages/colcon_core/task/python/colcon_distutils_commands:/home/shruti/warehouse_ws/install/warehouse_robot/lib/python3.12/site-packages:${PYTHONPATH} /usr/bin/python3 -W ignore:setup.py install is deprecated -W ignore:easy_install command is deprecated setup.py develop --editable --build-directory /home/shruti/warehouse_ws/build/warehouse_robot/build --no-deps symlink_data
