running egg_info
writing ../../build/warehouse_robot/warehouse_robot.egg-info/PKG-INFO
writing dependency_links to ../../build/warehouse_robot/warehouse_robot.egg-info/dependency_links.txt
writing entry points to ../../build/warehouse_robot/warehouse_robot.egg-info/entry_points.txt
writing requirements to ../../build/warehouse_robot/warehouse_robot.egg-info/requires.txt
writing top-level names to ../../build/warehouse_robot/warehouse_robot.egg-info/top_level.txt
reading manifest file '../../build/warehouse_robot/warehouse_robot.egg-info/SOURCES.txt'
writing manifest file '../../build/warehouse_robot/warehouse_robot.egg-info/SOURCES.txt'
running build
running build_py
running install
running install_lib
byte-compiling /home/shruti/intelligent_robotics/install/warehouse_robot/lib/python3.12/site-packages/warehouse_robot/path_planner.py to path_planner.cpython-312.pyc
  File "/home/shruti/intelligent_robotics/install/warehouse_robot/lib/python3.12/site-packages/warehouse_robot/path_planner.py", line 344
    n.destroy_node()"""path_planner.py — Hybrid A* global planner (improved)
                    
SyntaxError: invalid syntax

running install_data
running install_egg_info
removing '/home/shruti/intelligent_robotics/install/warehouse_robot/lib/python3.12/site-packages/warehouse_robot-0.0.0-py3.12.egg-info' (and everything under it)
Copying ../../build/warehouse_robot/warehouse_robot.egg-info to /home/shruti/intelligent_robotics/install/warehouse_robot/lib/python3.12/site-packages/warehouse_robot-0.0.0-py3.12.egg-info
running install_scripts
Installing mission_manager script to /home/shruti/intelligent_robotics/install/warehouse_robot/lib/warehouse_robot
Installing path_planner script to /home/shruti/intelligent_robotics/install/warehouse_robot/lib/warehouse_robot
Installing robot_controller script to /home/shruti/intelligent_robotics/install/warehouse_robot/lib/warehouse_robot
Installing static_map_publisher script to /home/shruti/intelligent_robotics/install/warehouse_robot/lib/warehouse_robot
writing list of installed files to '/home/shruti/intelligent_robotics/build/warehouse_robot/install.log'
