[0.498s] Invoking command in '/home/shruti/intelligent_robotics/src/warehouse_robot': PYTHONPATH=/home/shruti/intelligent_robotics/build/warehouse_robot/prefix_override:/usr/lib/python3/dist-packages/colcon_core/task/python/colcon_distutils_commands:/home/shruti/intelligent_robotics/install/warehouse_robot/lib/python3.12/site-packages:${PYTHONPATH} /usr/bin/python3 -W ignore:setup.py install is deprecated -W ignore:easy_install command is deprecated setup.py egg_info --egg-base ../../build/warehouse_robot build --build-base /home/shruti/intelligent_robotics/build/warehouse_robot/build install --record /home/shruti/intelligent_robotics/build/warehouse_robot/install.log --single-version-externally-managed install_data
[0.656s] running egg_info
[0.667s] writing ../../build/warehouse_robot/warehouse_robot.egg-info/PKG-INFO
[0.667s] writing dependency_links to ../../build/warehouse_robot/warehouse_robot.egg-info/dependency_links.txt
[0.667s] writing entry points to ../../build/warehouse_robot/warehouse_robot.egg-info/entry_points.txt
[0.668s] writing requirements to ../../build/warehouse_robot/warehouse_robot.egg-info/requires.txt
[0.668s] writing top-level names to ../../build/warehouse_robot/warehouse_robot.egg-info/top_level.txt
[0.689s] reading manifest file '../../build/warehouse_robot/warehouse_robot.egg-info/SOURCES.txt'
[0.690s] writing manifest file '../../build/warehouse_robot/warehouse_robot.egg-info/SOURCES.txt'
[0.690s] running build
[0.690s] running build_py
[0.690s] running install
[0.694s] running install_lib
[0.705s] byte-compiling /home/shruti/intelligent_robotics/install/warehouse_robot/lib/python3.12/site-packages/warehouse_robot/path_planner.py to path_planner.cpython-312.pyc
[0.709s]   File "/home/shruti/intelligent_robotics/install/warehouse_robot/lib/python3.12/site-packages/warehouse_robot/path_planner.py", line 344
[0.709s]     n.destroy_node()"""path_planner.py — Hybrid A* global planner (improved)
[0.709s]                     
[0.709s] SyntaxError: invalid syntax
[0.709s] 
[0.709s] running install_data
[0.709s] running install_egg_info
[0.721s] removing '/home/shruti/intelligent_robotics/install/warehouse_robot/lib/python3.12/site-packages/warehouse_robot-0.0.0-py3.12.egg-info' (and everything under it)
[0.721s] Copying ../../build/warehouse_robot/warehouse_robot.egg-info to /home/shruti/intelligent_robotics/install/warehouse_robot/lib/python3.12/site-packages/warehouse_robot-0.0.0-py3.12.egg-info
[0.721s] running install_scripts
[0.796s] Installing mission_manager script to /home/shruti/intelligent_robotics/install/warehouse_robot/lib/warehouse_robot
[0.796s] Installing path_planner script to /home/shruti/intelligent_robotics/install/warehouse_robot/lib/warehouse_robot
[0.797s] Installing robot_controller script to /home/shruti/intelligent_robotics/install/warehouse_robot/lib/warehouse_robot
[0.797s] Installing static_map_publisher script to /home/shruti/intelligent_robotics/install/warehouse_robot/lib/warehouse_robot
[0.797s] writing list of installed files to '/home/shruti/intelligent_robotics/build/warehouse_robot/install.log'
[0.812s] Invoked command in '/home/shruti/intelligent_robotics/src/warehouse_robot' returned '0': PYTHONPATH=/home/shruti/intelligent_robotics/build/warehouse_robot/prefix_override:/usr/lib/python3/dist-packages/colcon_core/task/python/colcon_distutils_commands:/home/shruti/intelligent_robotics/install/warehouse_robot/lib/python3.12/site-packages:${PYTHONPATH} /usr/bin/python3 -W ignore:setup.py install is deprecated -W ignore:easy_install command is deprecated setup.py egg_info --egg-base ../../build/warehouse_robot build --build-base /home/shruti/intelligent_robotics/build/warehouse_robot/build install --record /home/shruti/intelligent_robotics/build/warehouse_robot/install.log --single-version-externally-managed install_data
