[0.681s] Invoking command in '/home/shruti/intelligent_robotics/build/warehouse_robot': PYTHONPATH=/home/shruti/intelligent_robotics/build/warehouse_robot/prefix_override:/usr/lib/python3/dist-packages/colcon_core/task/python/colcon_distutils_commands:/home/shruti/intelligent_robotics/install/warehouse_robot/lib/python3.12/site-packages:${PYTHONPATH} /usr/bin/python3 -W ignore:setup.py install is deprecated -W ignore:easy_install command is deprecated setup.py develop --editable --build-directory /home/shruti/intelligent_robotics/build/warehouse_robot/build --no-deps symlink_data
[0.889s] running develop
[1.014s] running egg_info
[1.014s] creating warehouse_robot.egg-info
[1.027s] writing warehouse_robot.egg-info/PKG-INFO
[1.027s] writing dependency_links to warehouse_robot.egg-info/dependency_links.txt
[1.027s] writing entry points to warehouse_robot.egg-info/entry_points.txt
[1.027s] writing requirements to warehouse_robot.egg-info/requires.txt
[1.028s] writing top-level names to warehouse_robot.egg-info/top_level.txt
[1.028s] writing manifest file 'warehouse_robot.egg-info/SOURCES.txt'
[1.053s] reading manifest file 'warehouse_robot.egg-info/SOURCES.txt'
[1.053s] writing manifest file 'warehouse_robot.egg-info/SOURCES.txt'
[1.066s] running build_ext
[1.066s] Creating /home/shruti/intelligent_robotics/install/warehouse_robot/lib/python3.12/site-packages/warehouse-robot.egg-link (link to .)
[1.067s] Installing path_planner script to /home/shruti/intelligent_robotics/install/warehouse_robot/lib/warehouse_robot
[1.067s] Installing robot_controller script to /home/shruti/intelligent_robotics/install/warehouse_robot/lib/warehouse_robot
[1.067s] 
[1.067s] Installed /home/shruti/intelligent_robotics/build/warehouse_robot
[1.067s] running symlink_data
[1.068s] creating /home/shruti/intelligent_robotics/install/warehouse_robot/share/ament_index
[1.068s] creating /home/shruti/intelligent_robotics/install/warehouse_robot/share/ament_index/resource_index
[1.068s] creating /home/shruti/intelligent_robotics/install/warehouse_robot/share/ament_index/resource_index/packages
[1.068s] symbolically linking /home/shruti/intelligent_robotics/build/warehouse_robot/resource/warehouse_robot -> /home/shruti/intelligent_robotics/install/warehouse_robot/share/ament_index/resource_index/packages
[1.068s] symbolically linking /home/shruti/intelligent_robotics/build/warehouse_robot/package.xml -> /home/shruti/intelligent_robotics/install/warehouse_robot/share/warehouse_robot
[1.068s] creating /home/shruti/intelligent_robotics/install/warehouse_robot/share/warehouse_robot/launch
[1.068s] symbolically linking /home/shruti/intelligent_robotics/build/warehouse_robot/launch/spawn_robot.launch.py -> /home/shruti/intelligent_robotics/install/warehouse_robot/share/warehouse_robot/launch
[1.068s] creating /home/shruti/intelligent_robotics/install/warehouse_robot/share/warehouse_robot/urdf
[1.068s] symbolically linking /home/shruti/intelligent_robotics/build/warehouse_robot/urdf/warehouse_amr.urdf -> /home/shruti/intelligent_robotics/install/warehouse_robot/share/warehouse_robot/urdf
[1.105s] Invoked command in '/home/shruti/intelligent_robotics/build/warehouse_robot' returned '0': PYTHONPATH=/home/shruti/intelligent_robotics/build/warehouse_robot/prefix_override:/usr/lib/python3/dist-packages/colcon_core/task/python/colcon_distutils_commands:/home/shruti/intelligent_robotics/install/warehouse_robot/lib/python3.12/site-packages:${PYTHONPATH} /usr/bin/python3 -W ignore:setup.py install is deprecated -W ignore:easy_install command is deprecated setup.py develop --editable --build-directory /home/shruti/intelligent_robotics/build/warehouse_robot/build --no-deps symlink_data
