[0.589s] Invoking command in '/home/shruti/intelligent_robotics/build/warehouse_world': PYTHONPATH=/home/shruti/intelligent_robotics/build/warehouse_world/prefix_override:/usr/lib/python3/dist-packages/colcon_core/task/python/colcon_distutils_commands:/home/shruti/intelligent_robotics/install/warehouse_world/lib/python3.12/site-packages:${PYTHONPATH} /usr/bin/python3 -W ignore:setup.py install is deprecated -W ignore:easy_install command is deprecated setup.py develop --editable --build-directory /home/shruti/intelligent_robotics/build/warehouse_world/build --no-deps symlink_data
[0.790s] running develop
[0.905s] running egg_info
[0.905s] creating warehouse_world.egg-info
[0.917s] writing warehouse_world.egg-info/PKG-INFO
[0.917s] writing dependency_links to warehouse_world.egg-info/dependency_links.txt
[0.917s] writing requirements to warehouse_world.egg-info/requires.txt
[0.917s] writing top-level names to warehouse_world.egg-info/top_level.txt
[0.917s] writing manifest file 'warehouse_world.egg-info/SOURCES.txt'
[0.937s] reading manifest file 'warehouse_world.egg-info/SOURCES.txt'
[0.938s] writing manifest file 'warehouse_world.egg-info/SOURCES.txt'
[0.949s] running build_ext
[0.949s] Creating /home/shruti/intelligent_robotics/install/warehouse_world/lib/python3.12/site-packages/warehouse-world.egg-link (link to .)
[0.949s] 
[0.950s] Installed /home/shruti/intelligent_robotics/build/warehouse_world
[0.950s] running symlink_data
[0.950s] creating /home/shruti/intelligent_robotics/install/warehouse_world/share/ament_index
[0.950s] creating /home/shruti/intelligent_robotics/install/warehouse_world/share/ament_index/resource_index
[0.950s] creating /home/shruti/intelligent_robotics/install/warehouse_world/share/ament_index/resource_index/packages
[0.951s] symbolically linking /home/shruti/intelligent_robotics/build/warehouse_world/resource/warehouse_world -> /home/shruti/intelligent_robotics/install/warehouse_world/share/ament_index/resource_index/packages
[0.951s] symbolically linking /home/shruti/intelligent_robotics/build/warehouse_world/package.xml -> /home/shruti/intelligent_robotics/install/warehouse_world/share/warehouse_world
[0.951s] creating /home/shruti/intelligent_robotics/install/warehouse_world/share/warehouse_world/launch
[0.951s] symbolically linking /home/shruti/intelligent_robotics/build/warehouse_world/launch/world.launch.py -> /home/shruti/intelligent_robotics/install/warehouse_world/share/warehouse_world/launch
[0.951s] creating /home/shruti/intelligent_robotics/install/warehouse_world/share/warehouse_world/worlds
[0.951s] symbolically linking /home/shruti/intelligent_robotics/build/warehouse_world/worlds/warehouse.world -> /home/shruti/intelligent_robotics/install/warehouse_world/share/warehouse_world/worlds
[0.973s] Invoked command in '/home/shruti/intelligent_robotics/build/warehouse_world' returned '0': PYTHONPATH=/home/shruti/intelligent_robotics/build/warehouse_world/prefix_override:/usr/lib/python3/dist-packages/colcon_core/task/python/colcon_distutils_commands:/home/shruti/intelligent_robotics/install/warehouse_world/lib/python3.12/site-packages:${PYTHONPATH} /usr/bin/python3 -W ignore:setup.py install is deprecated -W ignore:easy_install command is deprecated setup.py develop --editable --build-directory /home/shruti/intelligent_robotics/build/warehouse_world/build --no-deps symlink_data
